Archive member included to satisfy reference by file (symbol)

/home/mathieu/Lab/pico_lua/test_program/../lib/lua/lua-5.4.6/liblua.a(lapi.o)
                              CMakeFiles/test.dir/main.cpp.o (lua_settop)
/home/mathieu/Lab/pico_lua/test_program/../lib/lua/lua-5.4.6/liblua.a(ldebug.o)
                              /home/mathieu/Lab/pico_lua/test_program/../lib/lua/lua-5.4.6/liblua.a(lapi.o) (luaG_errormsg)
/home/mathieu/Lab/pico_lua/test_program/../lib/lua/lua-5.4.6/liblua.a(ldo.o)
                              /home/mathieu/Lab/pico_lua/test_program/../lib/lua/lua-5.4.6/liblua.a(lapi.o) (luaD_throw)
/home/mathieu/Lab/pico_lua/test_program/../lib/lua/lua-5.4.6/liblua.a(ldump.o)
                              /home/mathieu/Lab/pico_lua/test_program/../lib/lua/lua-5.4.6/liblua.a(lapi.o) (luaU_dump)
/home/mathieu/Lab/pico_lua/test_program/../lib/lua/lua-5.4.6/liblua.a(lfunc.o)
                              /home/mathieu/Lab/pico_lua/test_program/../lib/lua/lua-5.4.6/liblua.a(lapi.o) (luaF_newCclosure)
/home/mathieu/Lab/pico_lua/test_program/../lib/lua/lua-5.4.6/liblua.a(lgc.o)
                              /home/mathieu/Lab/pico_lua/test_program/../lib/lua/lua-5.4.6/liblua.a(lapi.o) (luaC_barrier_)
/home/mathieu/Lab/pico_lua/test_program/../lib/lua/lua-5.4.6/liblua.a(lmem.o)
                              /home/mathieu/Lab/pico_lua/test_program/../lib/lua/lua-5.4.6/liblua.a(ldo.o) (luaM_free_)
/home/mathieu/Lab/pico_lua/test_program/../lib/lua/lua-5.4.6/liblua.a(lobject.o)
                              /home/mathieu/Lab/pico_lua/test_program/../lib/lua/lua-5.4.6/liblua.a(lapi.o) (luaO_arith)
/home/mathieu/Lab/pico_lua/test_program/../lib/lua/lua-5.4.6/liblua.a(lopcodes.o)
                              /home/mathieu/Lab/pico_lua/test_program/../lib/lua/lua-5.4.6/liblua.a(ldebug.o) (luaP_opmodes)
/home/mathieu/Lab/pico_lua/test_program/../lib/lua/lua-5.4.6/liblua.a(lparser.o)
                              /home/mathieu/Lab/pico_lua/test_program/../lib/lua/lua-5.4.6/liblua.a(ldo.o) (luaY_parser)
/home/mathieu/Lab/pico_lua/test_program/../lib/lua/lua-5.4.6/liblua.a(lstate.o)
                              /home/mathieu/Lab/pico_lua/test_program/../lib/lua/lua-5.4.6/liblua.a(lapi.o) (luaE_setdebt)
/home/mathieu/Lab/pico_lua/test_program/../lib/lua/lua-5.4.6/liblua.a(lstring.o)
                              /home/mathieu/Lab/pico_lua/test_program/../lib/lua/lua-5.4.6/liblua.a(lstate.o) (luaS_hash)
/home/mathieu/Lab/pico_lua/test_program/../lib/lua/lua-5.4.6/liblua.a(ltable.o)
                              /home/mathieu/Lab/pico_lua/test_program/../lib/lua/lua-5.4.6/liblua.a(lgc.o) (luaH_realasize)
/home/mathieu/Lab/pico_lua/test_program/../lib/lua/lua-5.4.6/liblua.a(ltm.o)
                              /home/mathieu/Lab/pico_lua/test_program/../lib/lua/lua-5.4.6/liblua.a(lstate.o) (luaT_init)
/home/mathieu/Lab/pico_lua/test_program/../lib/lua/lua-5.4.6/liblua.a(lundump.o)
                              /home/mathieu/Lab/pico_lua/test_program/../lib/lua/lua-5.4.6/liblua.a(ldo.o) (luaU_undump)
/home/mathieu/Lab/pico_lua/test_program/../lib/lua/lua-5.4.6/liblua.a(lvm.o)
                              /home/mathieu/Lab/pico_lua/test_program/../lib/lua/lua-5.4.6/liblua.a(lapi.o) (luaV_tonumber_)
/home/mathieu/Lab/pico_lua/test_program/../lib/lua/lua-5.4.6/liblua.a(lzio.o)
                              /home/mathieu/Lab/pico_lua/test_program/../lib/lua/lua-5.4.6/liblua.a(ldo.o) (luaZ_fill)
/home/mathieu/Lab/pico_lua/test_program/../lib/lua/lua-5.4.6/liblua.a(lauxlib.o)
                              CMakeFiles/test.dir/main.cpp.o (luaL_loadstring)
/home/mathieu/Lab/pico_lua/test_program/../lib/lua/lua-5.4.6/liblua.a(linit.o)
                              CMakeFiles/test.dir/main.cpp.o (luaL_openlibs)
/home/mathieu/Lab/pico_lua/test_program/../lib/lua/lua-5.4.6/liblua.a(lcode.o)
                              /home/mathieu/Lab/pico_lua/test_program/../lib/lua/lua-5.4.6/liblua.a(lparser.o) (luaK_semerror)
/home/mathieu/Lab/pico_lua/test_program/../lib/lua/lua-5.4.6/liblua.a(lctype.o)
                              /home/mathieu/Lab/pico_lua/test_program/../lib/lua/lua-5.4.6/liblua.a(lobject.o) (luai_ctype_)
/home/mathieu/Lab/pico_lua/test_program/../lib/lua/lua-5.4.6/liblua.a(llex.o)
                              /home/mathieu/Lab/pico_lua/test_program/../lib/lua/lua-5.4.6/liblua.a(lstate.o) (luaX_init)
/home/mathieu/Lab/pico_lua/test_program/../lib/lua/lua-5.4.6/liblua.a(lbaselib.o)
                              /home/mathieu/Lab/pico_lua/test_program/../lib/lua/lua-5.4.6/liblua.a(linit.o) (luaopen_base)
/home/mathieu/Lab/pico_lua/test_program/../lib/lua/lua-5.4.6/liblua.a(lcorolib.o)
                              /home/mathieu/Lab/pico_lua/test_program/../lib/lua/lua-5.4.6/liblua.a(linit.o) (luaopen_coroutine)
/home/mathieu/Lab/pico_lua/test_program/../lib/lua/lua-5.4.6/liblua.a(ldblib.o)
                              /home/mathieu/Lab/pico_lua/test_program/../lib/lua/lua-5.4.6/liblua.a(linit.o) (luaopen_debug)
[...]
Memory Configuration

Name             Origin             Length             Attributes
FLASH            0x10000000         0x00400000         xr
RAM              0x20000000         0x00080000         xrw
SCRATCH_X        0x20080000         0x00001000         xrw
SCRATCH_Y        0x20081000         0x00001000         xrw
*default*        0x00000000         0xffffffff

Linker script and memory map

LOAD /usr/lib/gcc/arm-none-eabi/14.1.0/thumb/v8-m.main+fp/softfp/crti.o
LOAD /usr/lib/gcc/arm-none-eabi/14.1.0/thumb/v8-m.main+fp/softfp/crtbegin.o
LOAD /usr/lib/gcc/arm-none-eabi/14.1.0/../../../../arm-none-eabi/lib/thumb/v8-m.main+fp/softfp/crt0.o

.flash_begin    0x10000000        0x0
                0x10000000                        __flash_binary_start = .

.text           0x10000000    0x27aa4
                0x10000000                        __logical_binary_start = .
 *(.vectors)
 .vectors       0x10000000      0x124 CMakeFiles/test.dir/home/mathieu/Lab/pico_lua/lib/pico-sdk/src/rp2_common/pico_crt0/crt0.S.o
                0x10000000                __vectors
                0x10000000                __VECTOR_TABLE
                0x10000110                isr_invalid
                0x10000110                __default_isrs_start
                0x10000112                isr_nmi
                0x10000114                isr_hardfault
                0x10000116                isr_svcall
                0x10000118                isr_pendsv
                0x1000011a                isr_systick
                0x1000011c                isr_irq30
                0x1000011c                __unhandled_user_irq
                0x1000011c                isr_irq49
                0x1000011c                isr_irq13
                0x1000011c                isr_irq43
                0x1000011c                isr_irq45
                0x1000011c                isr_irq27
                0x1000011c                isr_irq32
                0x1000011c                isr_irq31
                0x1000011c                isr_irq5
                0x1000011c                isr_irq11
                0x1000011c                isr_irq23
                0x1000011c                isr_irq48
                0x1000011c                isr_irq35
                0x1000011c                isr_irq18
                0x1000011c                isr_irq50
                0x1000011c                isr_irq40
                0x1000011c                isr_irq28
                0x1000011c                isr_irq19
                0x1000011c                isr_irq36
                0x1000011c                isr_irq41
                0x1000011c                isr_irq0
                0x1000011c                isr_irq6
                0x1000011c                isr_irq37
                0x1000011c                isr_irq42
                0x1000011c                isr_irq22
                0x1000011c                isr_irq17
                0x1000011c                isr_irq38
                0x1000011c                isr_irq14
                0x1000011c                isr_irq2
                0x1000011c                isr_irq10
                0x1000011c                isr_irq8
                0x1000011c                isr_irq24
                0x1000011c                isr_irq46
                0x1000011c                isr_irq1
                0x1000011c                isr_irq47
                0x1000011c                isr_irq51
                0x1000011c                isr_irq7
                0x1000011c                isr_irq21
                0x1000011c                isr_irq39
                0x1000011c                isr_irq20
                0x1000011c                isr_irq15
                0x1000011c                isr_irq25
                0x1000011c                isr_irq34
                0x1000011c                isr_irq4
                0x1000011c                isr_irq16
                0x1000011c                isr_irq44
                0x1000011c                isr_irq29
                0x1000011c                isr_irq26
                0x1000011c                __default_isrs_end
                0x1000011c                isr_irq33
                0x1000011c                isr_irq3
                0x1000011c                isr_irq12
                0x1000011c                isr_irq9
                0x10000122                unhandled_user_irq_num_in_r0
 *(.binary_info_header)
 .binary_info_header
                0x10000124       0x14 CMakeFiles/test.dir/home/mathieu/Lab/pico_lua/lib/pico-sdk/src/rp2_common/pico_crt0/crt0.S.o
                0x10000138                        __binary_info_header_end = .
 *(.embedded_block)
 .embedded_block
                0x10000138       0x14 CMakeFiles/test.dir/home/mathieu/Lab/pico_lua/lib/pico-sdk/src/rp2_common/pico_crt0/crt0.S.o
                0x1000014c                        __embedded_block_end = .
 *(.reset)
 .reset         0x1000014c       0xa0 CMakeFiles/test.dir/home/mathieu/Lab/pico_lua/lib/pico-sdk/src/rp2_common/pico_crt0/crt0.S.o
                0x1000014c                _entry_point
 *(.init)
 .init          0x100001ec        0x4 /usr/lib/gcc/arm-none-eabi/14.1.0/thumb/v8-m.main+fp/softfp/crti.o
                0x100001ec                _init
 *libgcc.a:cmse_nonsecure_call.o()
 *(EXCLUDE_FILE(*libm.a: *libc.a:*lib_a-mem*.o *libgcc.a:) .text*)
 .text          0x100001f0       0x8c /usr/lib/gcc/arm-none-eabi/14.1.0/thumb/v8-m.main+fp/softfp/crtbegin.o
 .text._ZL12pl_lua_clockP9lua_State
                0x1000027c       0x14 CMakeFiles/test.dir/main.cpp.o
 .text._ZL17pl_lua_flash_usedP9lua_State
                0x10000290       0x10 CMakeFiles/test.dir/main.cpp.o
 .text._ZL13lua_set_stateP9lua_State
                0x100002a0       0x20 CMakeFiles/test.dir/main.cpp.o
 .text._ZL16pl_lua_gpio_initP9lua_State
                0x100002c0       0x1c CMakeFiles/test.dir/main.cpp.o
 .text._ZL15pl_lua_sleep_msP9lua_State
                0x100002dc       0x10 CMakeFiles/test.dir/main.cpp.o
 .text._ZL15pl_lua_gpio_setP9lua_State
                0x100002ec       0x24 CMakeFiles/test.dir/main.cpp.o
 .text._ZL19lua_after_main_loopP9lua_State
                0x10000310       0x34 CMakeFiles/test.dir/main.cpp.o
 .text._ZL20lua_before_main_loopP9lua_State
                0x10000344       0x18 CMakeFiles/test.dir/main.cpp.o
 .text._Z11pl_init_luaPK8luaL_Reg
                0x1000035c       0x74 CMakeFiles/test.dir/main.cpp.o
                0x1000035c                pl_init_lua(luaL_Reg const*)
 .text._Z17pl_serial_read_lnv
                0x100003d0       0x80 CMakeFiles/test.dir/main.cpp.o
                0x100003d0                pl_serial_read_ln()
 .text._Z18pl_serial_load_luav
                0x10000450       0xc0 CMakeFiles/test.dir/main.cpp.o
                0x10000450                pl_serial_load_lua()
 .text._Z7pl_initPK8luaL_Regi
                0x10000510      0x230 CMakeFiles/test.dir/main.cpp.o
                0x10000510                pl_init(luaL_Reg const*, int)
 .text.startup.main
                0x10000740       0x54 CMakeFiles/test.dir/main.cpp.o
                0x10000740                main
 .text.gpio_init
                0x10000794       0x48 CMakeFiles/test.dir/home/mathieu/Lab/pico_lua/lib/pico-sdk/src/rp2_common/hardware_gpio/gpio.c.o
                0x10000794                gpio_init
 .text.panic    0x100007dc       0x30 CMakeFiles/test.dir/home/mathieu/Lab/pico_lua/lib/pico-sdk/src/rp2_common/pico_platform_panic/panic.c.o
                0x100007dc                panic
 .text.hw_claim_or_assert
                0x1000080c       0x58 CMakeFiles/test.dir/home/mathieu/Lab/pico_lua/lib/pico-sdk/src/common/hardware_claim/claim.c.o
                0x1000080c                hw_claim_or_assert
 .text.hw_claim_unused_from_range
                0x10000864       0x80 CMakeFiles/test.dir/home/mathieu/Lab/pico_lua/lib/pico-sdk/src/common/hardware_claim/claim.c.o
                0x10000864                hw_claim_unused_from_range
 .text.next_striped_spin_lock_num
                0x100008e4       0x18 CMakeFiles/test.dir/home/mathieu/Lab/pico_lua/lib/pico-sdk/src/rp2_common/hardware_sync/sync.c.o
                0x100008e4                next_striped_spin_lock_num
 .text.spin_lock_claim_unused
                0x100008fc       0x20 CMakeFiles/test.dir/home/mathieu/Lab/pico_lua/lib/pico-sdk/src/rp2_common/hardware_sync/sync.c.o
                0x100008fc                spin_lock_claim_unused
 .text.spinlock_set_extexclall
                0x1000091c       0x10 CMakeFiles/test.dir/home/mathieu/Lab/pico_lua/lib/pico-sdk/src/rp2_common/hardware_sync_spin_lock/sync_spin_lock.c.o
 .text.spin_locks_reset
                0x1000092c       0x18 CMakeFiles/test.dir/home/mathieu/Lab/pico_lua/lib/pico-sdk/src/rp2_common/hardware_sync_spin_lock/sync_spin_lock.c.o
                0x1000092c                spin_locks_reset
 .text.runtime_init_per_core_irq_priorities
                0x10000944       0x40 CMakeFiles/test.dir/home/mathieu/Lab/pico_lua/lib/pico-sdk/src/rp2_common/hardware_irq/irq.c.o
                0x10000944                runtime_init_per_core_irq_priorities
 .text.irq_set_enabled
                0x10000984       0x2c CMakeFiles/test.dir/home/mathieu/Lab/pico_lua/lib/pico-sdk/src/rp2_common/hardware_irq/irq.c.o
                0x10000984                irq_set_enabled
 .text.irq_is_enabled
                0x100009b0       0x20 CMakeFiles/test.dir/home/mathieu/Lab/pico_lua/lib/pico-sdk/src/rp2_common/hardware_irq/irq.c.o
                0x100009b0                irq_is_enabled
 .text.irq_set_pending
                0x100009d0       0x18 CMakeFiles/test.dir/home/mathieu/Lab/pico_lua/lib/pico-sdk/src/rp2_common/hardware_irq/irq.c.o
                0x100009d0                irq_set_pending
 .text.irq_has_shared_handler
                0x100009e8       0x20 CMakeFiles/test.dir/home/mathieu/Lab/pico_lua/lib/pico-sdk/src/rp2_common/hardware_irq/irq.c.o
                0x100009e8                irq_has_shared_handler
 .text.irq_set_exclusive_handler
                0x10000a08       0x60 CMakeFiles/test.dir/home/mathieu/Lab/pico_lua/lib/pico-sdk/src/rp2_common/hardware_irq/irq.c.o
                0x10000a08                irq_set_exclusive_handler
 .text.irq_add_shared_handler
                0x10000a68      0x1e8 CMakeFiles/test.dir/home/mathieu/Lab/pico_lua/lib/pico-sdk/src/rp2_common/hardware_irq/irq.c.o
                0x10000a68                irq_add_shared_handler
 .text.irq_add_tail_to_free_list
                0x10000c50       0xbc CMakeFiles/test.dir/home/mathieu/Lab/pico_lua/lib/pico-sdk/src/rp2_common/hardware_irq/irq.c.o
                0x10000c50                irq_add_tail_to_free_list
 .text.user_irq_claim_unused
                0x10000d0c       0x28 CMakeFiles/test.dir/home/mathieu/Lab/pico_lua/lib/pico-sdk/src/rp2_common/hardware_irq/irq.c.o
                0x10000d0c                user_irq_claim_unused
 .text.lock_init
                0x10000d34        0xc CMakeFiles/test.dir/home/mathieu/Lab/pico_lua/lib/pico-sdk/src/common/pico_sync/lock_core.c.o
                0x10000d34                lock_init
 .text.runtime_init_mutex
                0x10000d40       0x4c CMakeFiles/test.dir/home/mathieu/Lab/pico_lua/lib/pico-sdk/src/common/pico_sync/mutex.c.o
                0x10000d40                runtime_init_mutex
 .text.mutex_init
                0x10000d8c       0x1c CMakeFiles/test.dir/home/mathieu/Lab/pico_lua/lib/pico-sdk/src/common/pico_sync/mutex.c.o
                0x10000d8c                mutex_init
 .text.critical_section_init
                0x10000da8       0x1c CMakeFiles/test.dir/home/mathieu/Lab/pico_lua/lib/pico-sdk/src/common/pico_sync/critical_section.c.o
                0x10000da8                critical_section_init
 .text.critical_section_init_with_lock_num
                0x10000dc4       0x10 CMakeFiles/test.dir/home/mathieu/Lab/pico_lua/lib/pico-sdk/src/common/pico_sync/critical_section.c.o
                0x10000dc4                critical_section_init_with_lock_num
 .text.sleep_until_callback
                0x10000dd4       0x3c CMakeFiles/test.dir/home/mathieu/Lab/pico_lua/lib/pico-sdk/src/common/pico_time/time.c.o
 .text.alarm_pool_irq_handler
                0x10000e10      0x2f0 CMakeFiles/test.dir/home/mathieu/Lab/pico_lua/lib/pico-sdk/src/common/pico_time/time.c.o
 .text.runtime_init_default_alarm_pool
                0x10001100      0x100 CMakeFiles/test.dir/home/mathieu/Lab/pico_lua/lib/pico-sdk/src/common/pico_time/time.c.o
                0x10001100                runtime_init_default_alarm_pool
 .text.alarm_pool_get_default
                0x10001200        0x8 CMakeFiles/test.dir/home/mathieu/Lab/pico_lua/lib/pico-sdk/src/common/pico_time/time.c.o
                0x10001200                alarm_pool_get_default
 .text.alarm_pool_add_alarm_at
                0x10001208       0xdc CMakeFiles/test.dir/home/mathieu/Lab/pico_lua/lib/pico-sdk/src/common/pico_time/time.c.o
                0x10001208                alarm_pool_add_alarm_at
 .text.alarm_pool_add_alarm_at_force_in_context
                0x100012e4       0xc8 CMakeFiles/test.dir/home/mathieu/Lab/pico_lua/lib/pico-sdk/src/common/pico_time/time.c.o
                0x100012e4                alarm_pool_add_alarm_at_force_in_context
 .text.alarm_pool_cancel_alarm
                0x100013ac       0x80 CMakeFiles/test.dir/home/mathieu/Lab/pico_lua/lib/pico-sdk/src/common/pico_time/time.c.o
                0x100013ac                alarm_pool_cancel_alarm
 .text.alarm_pool_core_num
                0x1000142c        0x4 CMakeFiles/test.dir/home/mathieu/Lab/pico_lua/lib/pico-sdk/src/common/pico_time/time.c.o
                0x1000142c                alarm_pool_core_num
 .text.sleep_ms
                0x10001430       0xdc CMakeFiles/test.dir/home/mathieu/Lab/pico_lua/lib/pico-sdk/src/common/pico_time/time.c.o
                0x10001430                sleep_ms
 .text.best_effort_wfe_or_timeout
                0x1000150c       0xd4 CMakeFiles/test.dir/home/mathieu/Lab/pico_lua/lib/pico-sdk/src/common/pico_time/time.c.o
                0x1000150c                best_effort_wfe_or_timeout
 .text.timer_hardware_alarm_claim
                0x100015e0       0x24 CMakeFiles/test.dir/home/mathieu/Lab/pico_lua/lib/pico-sdk/src/rp2_common/hardware_timer/timer.c.o
                0x100015e0                timer_hardware_alarm_claim
 .text.timer_time_us_64
                0x10001604       0x10 CMakeFiles/test.dir/home/mathieu/Lab/pico_lua/lib/pico-sdk/src/rp2_common/hardware_timer/timer.c.o
                0x10001604                timer_time_us_64
 .text.time_us_64
                0x10001614       0x14 CMakeFiles/test.dir/home/mathieu/Lab/pico_lua/lib/pico-sdk/src/rp2_common/hardware_timer/timer.c.o
                0x10001614                time_us_64
 .text.busy_wait_us
                0x10001628       0x5c CMakeFiles/test.dir/home/mathieu/Lab/pico_lua/lib/pico-sdk/src/rp2_common/hardware_timer/timer.c.o
                0x10001628                busy_wait_us
 .text.busy_wait_until
                0x10001684       0x24 CMakeFiles/test.dir/home/mathieu/Lab/pico_lua/lib/pico-sdk/src/rp2_common/hardware_timer/timer.c.o
                0x10001684                busy_wait_until
 .text.clock_configure_undivided
                0x100016a8       0xd0 CMakeFiles/test.dir/home/mathieu/Lab/pico_lua/lib/pico-sdk/src/rp2_common/hardware_clocks/clocks.c.o
                0x100016a8                clock_configure_undivided
 .text.clock_get_hz
                0x10001778        0xc CMakeFiles/test.dir/home/mathieu/Lab/pico_lua/lib/pico-sdk/src/rp2_common/hardware_clocks/clocks.c.o
                0x10001778                clock_get_hz
 .text.pll_init
                0x10001784       0x8c CMakeFiles/test.dir/home/mathieu/Lab/pico_lua/lib/pico-sdk/src/rp2_common/hardware_pll/pll.c.o
                0x10001784                pll_init
 .text.watchdog_reboot
                0x10001810       0x98 CMakeFiles/test.dir/home/mathieu/Lab/pico_lua/lib/pico-sdk/src/rp2_common/hardware_watchdog/watchdog.c.o
                0x10001810                watchdog_reboot
 .text.tick_start
                0x100018a8       0x18 CMakeFiles/test.dir/home/mathieu/Lab/pico_lua/lib/pico-sdk/src/rp2_common/hardware_ticks/ticks.c.o
                0x100018a8                tick_start
 .text.rom_reboot.constprop.0.isra.0
                0x100018c0       0x34 CMakeFiles/test.dir/home/mathieu/Lab/pico_lua/lib/pico-sdk/src/rp2_common/pico_bootrom/bootrom.c.o
 .text.rom_func_lookup
                0x100018f4       0x18 CMakeFiles/test.dir/home/mathieu/Lab/pico_lua/lib/pico-sdk/src/rp2_common/pico_bootrom/bootrom.c.o
                0x100018f4                rom_func_lookup
 .text.rom_reset_usb_boot_extra
                0x1000190c       0x1c CMakeFiles/test.dir/home/mathieu/Lab/pico_lua/lib/pico-sdk/src/rp2_common/pico_bootrom/bootrom.c.o
                0x1000190c                rom_reset_usb_boot_extra
 .text.runtime_init_bootrom_locking_enable
                0x10001928       0x14 CMakeFiles/test.dir/home/mathieu/Lab/pico_lua/lib/pico-sdk/src/rp2_common/pico_bootrom/bootrom_lock.c.o
                0x10001928                runtime_init_bootrom_locking_enable
 .text.runtime_init_boot_locks_reset
                0x1000193c       0x1c CMakeFiles/test.dir/home/mathieu/Lab/pico_lua/lib/pico-sdk/src/rp2_common/hardware_boot_lock/boot_lock.c.o
                0x1000193c                runtime_init_boot_locks_reset
 .text.xosc_init
                0x10001958       0x30 CMakeFiles/test.dir/home/mathieu/Lab/pico_lua/lib/pico-sdk/src/rp2_common/hardware_xosc/xosc.c.o
                0x10001958                xosc_init
 .text.first_per_core_initializer
                0x10001988        0x4 CMakeFiles/test.dir/home/mathieu/Lab/pico_lua/lib/pico-sdk/src/rp2_common/pico_runtime/runtime.c.o
 .text.hard_assertion_failure
                0x1000198c        0xc CMakeFiles/test.dir/home/mathieu/Lab/pico_lua/lib/pico-sdk/src/rp2_common/pico_runtime/runtime.c.o
                0x1000198c                hard_assertion_failure
 .text.runtime_run_initializers
                0x10001998       0x20 CMakeFiles/test.dir/home/mathieu/Lab/pico_lua/lib/pico-sdk/src/rp2_common/pico_runtime/runtime.c.o
                0x10001998                runtime_run_initializers
 .text.runtime_init_early_resets
                0x100019b8       0x34 CMakeFiles/test.dir/home/mathieu/Lab/pico_lua/lib/pico-sdk/src/rp2_common/pico_runtime_init/runtime_init.c.o
                0x100019b8                runtime_init_early_resets
 .text.runtime_init_usb_power_down
                0x100019ec       0x1c CMakeFiles/test.dir/home/mathieu/Lab/pico_lua/lib/pico-sdk/src/rp2_common/pico_runtime_init/runtime_init.c.o
                0x100019ec                runtime_init_usb_power_down
 .text.runtime_init_per_core_enable_coprocessors
                0x10001a08       0x1c CMakeFiles/test.dir/home/mathieu/Lab/pico_lua/lib/pico-sdk/src/rp2_common/pico_runtime_init/runtime_init.c.o
                0x10001a08                runtime_init_per_core_enable_coprocessors
 .text.runtime_init_post_clock_resets
                0x10001a24       0x20 CMakeFiles/test.dir/home/mathieu/Lab/pico_lua/lib/pico-sdk/src/rp2_common/pico_runtime_init/runtime_init.c.o
                0x10001a24                runtime_init_post_clock_resets
 .text.runtime_init_bootrom_reset
                0x10001a44       0x14 CMakeFiles/test.dir/home/mathieu/Lab/pico_lua/lib/pico-sdk/src/rp2_common/pico_runtime_init/runtime_init.c.o
                0x10001a44                runtime_init_bootrom_reset
 .text.runtime_init_per_core_bootrom_reset
                0x10001a58       0x14 CMakeFiles/test.dir/home/mathieu/Lab/pico_lua/lib/pico-sdk/src/rp2_common/pico_runtime_init/runtime_init.c.o
                0x10001a58                runtime_init_per_core_bootrom_reset
 .text.runtime_init_spin_locks_reset
                0x10001a6c        0x4 CMakeFiles/test.dir/home/mathieu/Lab/pico_lua/lib/pico-sdk/src/rp2_common/pico_runtime_init/runtime_init.c.o
                0x10001a6c                runtime_init_spin_locks_reset
 .text.runtime_init_install_ram_vector_table
                0x10001a70       0x20 CMakeFiles/test.dir/home/mathieu/Lab/pico_lua/lib/pico-sdk/src/rp2_common/pico_runtime_init/runtime_init.c.o
                0x10001a70                runtime_init_install_ram_vector_table
 .text.runtime_init_clocks
                0x10001a90       0xdc CMakeFiles/test.dir/home/mathieu/Lab/pico_lua/lib/pico-sdk/src/rp2_common/pico_runtime_init/runtime_init_clocks.c.o
                0x10001a90                runtime_init_clocks
 .text.__rp2350_dcp_engaged_state_save_restore
                0x10001b6c       0x3a CMakeFiles/test.dir/home/mathieu/Lab/pico_lua/lib/pico-sdk/src/rp2_common/pico_double/double_aeabi_dcp.S.o
 *fill*         0x10001ba6        0x2 
 .text.__wrap___aeabi_dadd
                0x10001ba8       0x28 CMakeFiles/test.dir/home/mathieu/Lab/pico_lua/lib/pico-sdk/src/rp2_common/pico_double/double_aeabi_dcp.S.o
                0x10001bb0                __wrap___aeabi_dadd
 .text.__wrap___aeabi_dsub
                0x10001bd0       0x28 CMakeFiles/test.dir/home/mathieu/Lab/pico_lua/lib/pico-sdk/src/rp2_common/pico_double/double_aeabi_dcp.S.o
                0x10001bd8                __wrap___aeabi_dsub
 .text.__wrap___aeabi_dmul
                0x10001bf8       0x4c CMakeFiles/test.dir/home/mathieu/Lab/pico_lua/lib/pico-sdk/src/rp2_common/pico_double/double_aeabi_dcp.S.o
                0x10001c00                __wrap___aeabi_dmul
 .text.__wrap___aeabi_ddiv
                0x10001c44       0x9c CMakeFiles/test.dir/home/mathieu/Lab/pico_lua/lib/pico-sdk/src/rp2_common/pico_double/double_aeabi_dcp.S.o
                0x10001c4c                __wrap___aeabi_ddiv
 .text.__wrap___aeabi_d2f
                0x10001ce0       0x1c CMakeFiles/test.dir/home/mathieu/Lab/pico_lua/lib/pico-sdk/src/rp2_common/pico_double/double_aeabi_dcp.S.o
                0x10001ce8                double2float
                0x10001ce8                __wrap___aeabi_d2f
 .text.__wrap___aeabi_i2d
                0x10001cfc       0x24 CMakeFiles/test.dir/home/mathieu/Lab/pico_lua/lib/pico-sdk/src/rp2_common/pico_double/double_aeabi_dcp.S.o
                0x10001d04                __wrap___aeabi_i2d
                0x10001d04                int2double
 .text.__wrap___aeabi_ui2d
                0x10001d20       0x24 CMakeFiles/test.dir/home/mathieu/Lab/pico_lua/lib/pico-sdk/src/rp2_common/pico_double/double_aeabi_dcp.S.o
                0x10001d28                __wrap___aeabi_ui2d
                0x10001d28                uint2double
 .text.__wrap___aeabi_d2iz
                0x10001d44       0x24 CMakeFiles/test.dir/home/mathieu/Lab/pico_lua/lib/pico-sdk/src/rp2_common/pico_double/double_aeabi_dcp.S.o
                0x10001d4c                __wrap___aeabi_d2iz
                0x10001d4c                double2int_z
 .text.__wrap___aeabi_d2uiz
                0x10001d68       0x24 CMakeFiles/test.dir/home/mathieu/Lab/pico_lua/lib/pico-sdk/src/rp2_common/pico_double/double_aeabi_dcp.S.o
                0x10001d70                double2uint_z
                0x10001d70                double2uint
                0x10001d70                __wrap___aeabi_d2uiz
 .text.__wrap___aeabi_dcmpun
                0x10001d8c       0x24 CMakeFiles/test.dir/home/mathieu/Lab/pico_lua/lib/pico-sdk/src/rp2_common/pico_double/double_aeabi_dcp.S.o
                0x10001d94                __wrap___aeabi_dcmpun
 .text.__wrap___aeabi_dcmpeq
                0x10001db0       0x24 CMakeFiles/test.dir/home/mathieu/Lab/pico_lua/lib/pico-sdk/src/rp2_common/pico_double/double_aeabi_dcp.S.o
                0x10001db8                __wrap___aeabi_dcmpeq
 .text.__wrap___aeabi_dcmplt
                0x10001dd4       0x28 CMakeFiles/test.dir/home/mathieu/Lab/pico_lua/lib/pico-sdk/src/rp2_common/pico_double/double_aeabi_dcp.S.o
                0x10001ddc                __wrap___aeabi_dcmplt
 .text.__wrap___aeabi_dcmple
                0x10001dfc       0x28 CMakeFiles/test.dir/home/mathieu/Lab/pico_lua/lib/pico-sdk/src/rp2_common/pico_double/double_aeabi_dcp.S.o
                0x10001e04                __wrap___aeabi_dcmple
 .text.__wrap___aeabi_dcmpge
                0x10001e24       0x28 CMakeFiles/test.dir/home/mathieu/Lab/pico_lua/lib/pico-sdk/src/rp2_common/pico_double/double_aeabi_dcp.S.o
                0x10001e2c                __wrap___aeabi_dcmpge
 .text.__wrap___aeabi_dcmpgt
                0x10001e4c       0x28 CMakeFiles/test.dir/home/mathieu/Lab/pico_lua/lib/pico-sdk/src/rp2_common/pico_double/double_aeabi_dcp.S.o
                0x10001e54                __wrap___aeabi_dcmpgt
 .text.dpack    0x10001e74       0x58 CMakeFiles/test.dir/home/mathieu/Lab/pico_lua/lib/pico-sdk/src/rp2_common/pico_double/double_sci_m33.S.o
 .text.dreduce  0x10001ecc       0x7a CMakeFiles/test.dir/home/mathieu/Lab/pico_lua/lib/pico-sdk/src/rp2_common/pico_double/double_sci_m33.S.o
 *fill*         0x10001f46        0x2 
 .text.exptab   0x10001f48      0x1fc CMakeFiles/test.dir/home/mathieu/Lab/pico_lua/lib/pico-sdk/src/rp2_common/pico_double/double_sci_m33.S.o
                0x10001f48                exptab0
                0x10001fa8                exptab1
                0x10002038                exptab2
                0x100020b8                logtab0
 .text.__wrap_exp
                0x10002144      0x148 CMakeFiles/test.dir/home/mathieu/Lab/pico_lua/lib/pico-sdk/src/rp2_common/pico_double/double_sci_m33.S.o
                0x1000216e                __wrap_exp
 .text.__wrap_log
                0x1000228c      0x358 CMakeFiles/test.dir/home/mathieu/Lab/pico_lua/lib/pico-sdk/src/rp2_common/pico_double/double_sci_m33.S.o
                0x1000246a                __wrap_log
 .text.__wrap_conv_tod
                0x100025e4      0x20c CMakeFiles/test.dir/home/mathieu/Lab/pico_lua/lib/pico-sdk/src/rp2_common/pico_double/double_conv_m33.S.o
                0x100025e4                __wrap___aeabi_l2d
                0x100025e4                int642double
                0x100025e6                fix642double
                0x1000268a                uint642double
                0x1000268a                __wrap___aeabi_ul2d
                0x1000268c                ufix642double
                0x10002720                fix2double
                0x10002790                ufix2double
 .text.__wrap_conv_dtoi64_z
                0x100027f0       0xa0 CMakeFiles/test.dir/home/mathieu/Lab/pico_lua/lib/pico-sdk/src/rp2_common/pico_double/double_conv_m33.S.o
                0x100027f0                __wrap___aeabi_d2lz
                0x100027f0                double2int64_z
                0x100027f2                double2fix64_z
 .text.fpow_int2
                0x10002890       0xdc CMakeFiles/test.dir/home/mathieu/Lab/pico_lua/lib/pico-sdk/src/rp2_common/pico_float/float_math.c.o
 .text.fpow_0   0x1000296c       0xe8 CMakeFiles/test.dir/home/mathieu/Lab/pico_lua/lib/pico-sdk/src/rp2_common/pico_float/float_math.c.o
 .text.__wrap_ldexpf
                0x10002a54       0x2c CMakeFiles/test.dir/home/mathieu/Lab/pico_lua/lib/pico-sdk/src/rp2_common/pico_float/float_math.c.o
                0x10002a54                __wrap_ldexpf
 .text.__wrap_floorf
                0x10002a80       0x3c CMakeFiles/test.dir/home/mathieu/Lab/pico_lua/lib/pico-sdk/src/rp2_common/pico_float/float_math.c.o
                0x10002a80                __wrap_floorf
 .text.__wrap_ceilf
                0x10002abc       0x40 CMakeFiles/test.dir/home/mathieu/Lab/pico_lua/lib/pico-sdk/src/rp2_common/pico_float/float_math.c.o
                0x10002abc                __wrap_ceilf
 .text.__wrap_asinf
                0x10002afc       0x64 CMakeFiles/test.dir/home/mathieu/Lab/pico_lua/lib/pico-sdk/src/rp2_common/pico_float/float_math.c.o
                0x10002afc                __wrap_asinf
 .text.__wrap_acosf
                0x10002b60       0x64 CMakeFiles/test.dir/home/mathieu/Lab/pico_lua/lib/pico-sdk/src/rp2_common/pico_float/float_math.c.o
                0x10002b60                __wrap_acosf
 .text.__wrap_sinhf
                0x10002bc4       0x44 CMakeFiles/test.dir/home/mathieu/Lab/pico_lua/lib/pico-sdk/src/rp2_common/pico_float/float_math.c.o
                0x10002bc4                __wrap_sinhf
 .text.__wrap_coshf
                0x10002c08       0x44 CMakeFiles/test.dir/home/mathieu/Lab/pico_lua/lib/pico-sdk/src/rp2_common/pico_float/float_math.c.o
                0x10002c08                __wrap_coshf
 .text.__wrap_tanhf
                0x10002c4c       0x44 CMakeFiles/test.dir/home/mathieu/Lab/pico_lua/lib/pico-sdk/src/rp2_common/pico_float/float_math.c.o
                0x10002c4c                __wrap_tanhf
 .text.__wrap_log2f
                0x10002c90       0x1c CMakeFiles/test.dir/home/mathieu/Lab/pico_lua/lib/pico-sdk/src/rp2_common/pico_float/float_math.c.o
                0x10002c90                __wrap_log2f
 .text.__wrap_log10f
                0x10002cac       0x1c CMakeFiles/test.dir/home/mathieu/Lab/pico_lua/lib/pico-sdk/src/rp2_common/pico_float/float_math.c.o
                0x10002cac                __wrap_log10f
 .text.__wrap_powf
                0x10002cc8      0x1a0 CMakeFiles/test.dir/home/mathieu/Lab/pico_lua/lib/pico-sdk/src/rp2_common/pico_float/float_math.c.o
                0x10002cc8                __wrap_powf
 .text.__wrap_fmodf
                0x10002e68       0xa4 CMakeFiles/test.dir/home/mathieu/Lab/pico_lua/lib/pico-sdk/src/rp2_common/pico_float/float_math.c.o
                0x10002e68                __wrap_fmodf
 .text.__wrap_conv_tof
                0x10002f0c      0x1d4 CMakeFiles/test.dir/home/mathieu/Lab/pico_lua/lib/pico-sdk/src/rp2_common/pico_float/float_common_m33.S.o
                0x10002f0c                int642float
                0x10002f0c                __wrap___aeabi_l2f
                0x10002f0e                fix642float
                0x10002f9c                fix2float
                0x10003008                ufix2float
                0x10003064                __wrap___aeabi_ul2f
                0x10003064                uint642float
                0x10003066                ufix642float
 .text.frrcore_v
                0x100030e0       0x54 CMakeFiles/test.dir/home/mathieu/Lab/pico_lua/lib/pico-sdk/src/rp2_common/pico_float/float_sci_m33_vfp.S.o
 *fill*         0x10003134        0x4 
 .text.__wrap_expf
                0x10003138      0x15c CMakeFiles/test.dir/home/mathieu/Lab/pico_lua/lib/pico-sdk/src/rp2_common/pico_float/float_sci_m33_vfp.S.o
                0x10003138                __wrap_expf
 *fill*         0x10003294        0x4 
 .text.__wrap_logf
                0x10003298      0x188 CMakeFiles/test.dir/home/mathieu/Lab/pico_lua/lib/pico-sdk/src/rp2_common/pico_float/float_sci_m33_vfp.S.o
                0x10003298                __wrap_logf
 .text.__wrap_fsin_fcos
                0x10003420      0x388 CMakeFiles/test.dir/home/mathieu/Lab/pico_lua/lib/pico-sdk/src/rp2_common/pico_float/float_sci_m33_vfp.S.o
                0x100034fc                __wrap_sincosf
                0x10003568                __wrap_sinf
                0x1000356e                __wrap_cosf
 .text.__wrap_tanf
                0x100037a8       0x5c CMakeFiles/test.dir/home/mathieu/Lab/pico_lua/lib/pico-sdk/src/rp2_common/pico_float/float_sci_m33_vfp.S.o
                0x100037a8                __wrap_tanf
 .text.__wrap_atan2f
                0x10003804      0x2cc CMakeFiles/test.dir/home/mathieu/Lab/pico_lua/lib/pico-sdk/src/rp2_common/pico_float/float_sci_m33_vfp.S.o
                0x10003860                __wrap_atan2f
 .text.__wrap_malloc
                0x10003ad0       0x24 CMakeFiles/test.dir/home/mathieu/Lab/pico_lua/lib/pico-sdk/src/rp2_common/pico_malloc/malloc.c.o
                0x10003ad0                __wrap_malloc
 .text.__wrap_realloc
                0x10003af4       0x24 CMakeFiles/test.dir/home/mathieu/Lab/pico_lua/lib/pico-sdk/src/rp2_common/pico_malloc/malloc.c.o
                0x10003af4                __wrap_realloc
 .text.__wrap_free
                0x10003b18        0x4 CMakeFiles/test.dir/home/mathieu/Lab/pico_lua/lib/pico-sdk/src/rp2_common/pico_malloc/malloc.c.o
                0x10003b18                __wrap_free
 .text._out_buffer
                0x10003b1c        0x8 CMakeFiles/test.dir/home/mathieu/Lab/pico_lua/lib/pico-sdk/src/rp2_common/pico_printf/printf.c.o
 .text._out_null
                0x10003b24        0x4 CMakeFiles/test.dir/home/mathieu/Lab/pico_lua/lib/pico-sdk/src/rp2_common/pico_printf/printf.c.o
 .text._out_rev
                0x10003b28       0x9c CMakeFiles/test.dir/home/mathieu/Lab/pico_lua/lib/pico-sdk/src/rp2_common/pico_printf/printf.c.o
 .text._ntoa_format
                0x10003bc4      0x1d4 CMakeFiles/test.dir/home/mathieu/Lab/pico_lua/lib/pico-sdk/src/rp2_common/pico_printf/printf.c.o
 .text._out_char
                0x10003d98        0x8 CMakeFiles/test.dir/home/mathieu/Lab/pico_lua/lib/pico-sdk/src/rp2_common/pico_printf/printf.c.o
 .text._out_fct
                0x10003da0        0xc CMakeFiles/test.dir/home/mathieu/Lab/pico_lua/lib/pico-sdk/src/rp2_common/pico_printf/printf.c.o
 *fill*         0x10003dac        0x4 
 .text._ftoa    0x10003db0      0x4bc CMakeFiles/test.dir/home/mathieu/Lab/pico_lua/lib/pico-sdk/src/rp2_common/pico_printf/printf.c.o
 *fill*         0x1000426c        0x4 
 .text._etoa    0x10004270      0x574 CMakeFiles/test.dir/home/mathieu/Lab/pico_lua/lib/pico-sdk/src/rp2_common/pico_printf/printf.c.o
 .text._vsnprintf
                0x100047e4      0xacc CMakeFiles/test.dir/home/mathieu/Lab/pico_lua/lib/pico-sdk/src/rp2_common/pico_printf/printf.c.o
 .text.__wrap_snprintf
                0x100052b0       0x2c CMakeFiles/test.dir/home/mathieu/Lab/pico_lua/lib/pico-sdk/src/rp2_common/pico_printf/printf.c.o
                0x100052b0                __wrap_snprintf
 .text.vfctprintf
                0x100052dc       0x28 CMakeFiles/test.dir/home/mathieu/Lab/pico_lua/lib/pico-sdk/src/rp2_common/pico_printf/printf.c.o
                0x100052dc                vfctprintf
 .text.weak_raw_printf
                0x10005304       0x48 CMakeFiles/test.dir/home/mathieu/Lab/pico_lua/lib/pico-sdk/src/rp2_common/pico_printf/printf.c.o
                0x10005304                weak_raw_printf
 .text.weak_raw_vprintf
                0x1000534c       0x30 CMakeFiles/test.dir/home/mathieu/Lab/pico_lua/lib/pico-sdk/src/rp2_common/pico_printf/printf.c.o
                0x1000534c                weak_raw_vprintf
 .text._exit    0x1000537c        0x4 CMakeFiles/test.dir/home/mathieu/Lab/pico_lua/lib/pico-sdk/src/rp2_common/pico_clib_interface/newlib_interface.c.o
                0x1000537c                _exit
 .text._sbrk    0x10005380       0x2c CMakeFiles/test.dir/home/mathieu/Lab/pico_lua/lib/pico-sdk/src/rp2_common/pico_clib_interface/newlib_interface.c.o
                0x10005380                _sbrk
 .text._gettimeofday
                0x100053ac       0x34 CMakeFiles/test.dir/home/mathieu/Lab/pico_lua/lib/pico-sdk/src/rp2_common/pico_clib_interface/newlib_interface.c.o
                0x100053ac                _gettimeofday
 .text._times   0x100053e0       0x20 CMakeFiles/test.dir/home/mathieu/Lab/pico_lua/lib/pico-sdk/src/rp2_common/pico_clib_interface/newlib_interface.c.o
                0x100053e0                _times
 .text._getpid  0x10005400        0x4 CMakeFiles/test.dir/home/mathieu/Lab/pico_lua/lib/pico-sdk/src/rp2_common/pico_clib_interface/newlib_interface.c.o
                0x10005400                _getpid
 .text._kill    0x10005404        0x8 CMakeFiles/test.dir/home/mathieu/Lab/pico_lua/lib/pico-sdk/src/rp2_common/pico_clib_interface/newlib_interface.c.o
                0x10005404                _kill
 .text._read    0x1000540c       0x1c CMakeFiles/test.dir/home/mathieu/Lab/pico_lua/lib/pico-sdk/src/rp2_common/pico_clib_interface/newlib_interface.c.o
                0x1000540c                _read
 .text._write   0x10005428       0x20 CMakeFiles/test.dir/home/mathieu/Lab/pico_lua/lib/pico-sdk/src/rp2_common/pico_clib_interface/newlib_interface.c.o
                0x10005428                _write
 .text._open    0x10005448        0xc CMakeFiles/test.dir/home/mathieu/Lab/pico_lua/lib/pico-sdk/src/rp2_common/pico_clib_interface/newlib_interface.c.o
                0x10005448                _open
 .text._close   0x10005454        0x8 CMakeFiles/test.dir/home/mathieu/Lab/pico_lua/lib/pico-sdk/src/rp2_common/pico_clib_interface/newlib_interface.c.o
                0x10005454                _close
 .text._lseek   0x1000545c        0x8 CMakeFiles/test.dir/home/mathieu/Lab/pico_lua/lib/pico-sdk/src/rp2_common/pico_clib_interface/newlib_interface.c.o
                0x1000545c                _lseek
 .text._fstat   0x10005464        0x8 CMakeFiles/test.dir/home/mathieu/Lab/pico_lua/lib/pico-sdk/src/rp2_common/pico_clib_interface/newlib_interface.c.o
                0x10005464                _fstat
 .text._isatty  0x1000546c        0xc CMakeFiles/test.dir/home/mathieu/Lab/pico_lua/lib/pico-sdk/src/rp2_common/pico_clib_interface/newlib_interface.c.o
                0x1000546c                _isatty
 .text.exit     0x10005478        0x8 CMakeFiles/test.dir/home/mathieu/Lab/pico_lua/lib/pico-sdk/src/rp2_common/pico_clib_interface/newlib_interface.c.o
                0x10005478                exit
 .text.__assert_func
                0x10005480       0x34 CMakeFiles/test.dir/home/mathieu/Lab/pico_lua/lib/pico-sdk/src/rp2_common/pico_clib_interface/newlib_interface.c.o
                0x10005480                __assert_func
 .text.runtime_init
                0x100054b4       0x24 CMakeFiles/test.dir/home/mathieu/Lab/pico_lua/lib/pico-sdk/src/rp2_common/pico_clib_interface/newlib_interface.c.o
                0x100054b4                runtime_init
 .text.stdio_out_chars_no_crlf
                0x100054d8        0x8 CMakeFiles/test.dir/home/mathieu/Lab/pico_lua/lib/pico-sdk/src/rp2_common/pico_stdio/stdio.c.o
 .text.stdio_out_chars_crlf
                0x100054e0       0xb0 CMakeFiles/test.dir/home/mathieu/Lab/pico_lua/lib/pico-sdk/src/rp2_common/pico_stdio/stdio.c.o
 .text.stdio_buffered_printer
                0x10005590       0x60 CMakeFiles/test.dir/home/mathieu/Lab/pico_lua/lib/pico-sdk/src/rp2_common/pico_stdio/stdio.c.o
 .text.stdio_put_string
                0x100055f0       0xec CMakeFiles/test.dir/home/mathieu/Lab/pico_lua/lib/pico-sdk/src/rp2_common/pico_stdio/stdio.c.o
                0x100055f0                stdio_put_string
 .text.stdio_get_until
                0x100056dc       0x7c CMakeFiles/test.dir/home/mathieu/Lab/pico_lua/lib/pico-sdk/src/rp2_common/pico_stdio/stdio.c.o
                0x100056dc                stdio_get_until
 .text.stdio_set_driver_enabled
                0x10005758       0x28 CMakeFiles/test.dir/home/mathieu/Lab/pico_lua/lib/pico-sdk/src/rp2_common/pico_stdio/stdio.c.o
                0x10005758                stdio_set_driver_enabled
 .text.stdio_init_all
                0x10005780        0x4 CMakeFiles/test.dir/home/mathieu/Lab/pico_lua/lib/pico-sdk/src/rp2_common/pico_stdio/stdio.c.o
                0x10005780                stdio_init_all
 .text.__wrap_getchar
                0x10005784       0x70 CMakeFiles/test.dir/home/mathieu/Lab/pico_lua/lib/pico-sdk/src/rp2_common/pico_stdio/stdio.c.o
                0x10005784                __wrap_getchar
                0x10005784                stdio_getchar
 .text.__wrap_putchar
                0x100057f4       0x84 CMakeFiles/test.dir/home/mathieu/Lab/pico_lua/lib/pico-sdk/src/rp2_common/pico_stdio/stdio.c.o
                0x100057f4                stdio_putchar
                0x100057f4                __wrap_putchar
 .text.__wrap_puts
                0x10005878       0x3c CMakeFiles/test.dir/home/mathieu/Lab/pico_lua/lib/pico-sdk/src/rp2_common/pico_stdio/stdio.c.o
                0x10005878                __wrap_puts
                0x10005878                stdio_puts
 .text.__wrap_vprintf
                0x100058b4       0xc4 CMakeFiles/test.dir/home/mathieu/Lab/pico_lua/lib/pico-sdk/src/rp2_common/pico_stdio/stdio.c.o
                0x100058b4                __wrap_vprintf
                0x100058b4                stdio_vprintf
 .text.__wrap_printf
                0x10005978       0x1c CMakeFiles/test.dir/home/mathieu/Lab/pico_lua/lib/pico-sdk/src/rp2_common/pico_stdio/stdio.c.o
                0x10005978                stdio_printf
                0x10005978                __wrap_printf
 .text.resetd_init
                0x10005994        0x4 CMakeFiles/test.dir/home/mathieu/Lab/pico_lua/lib/pico-sdk/src/rp2_common/pico_stdio_usb/reset_interface.c.o
 .text.resetd_reset
                0x10005998        0xc CMakeFiles/test.dir/home/mathieu/Lab/pico_lua/lib/pico-sdk/src/rp2_common/pico_stdio_usb/reset_interface.c.o
 .text.resetd_open
                0x100059a4       0x28 CMakeFiles/test.dir/home/mathieu/Lab/pico_lua/lib/pico-sdk/src/rp2_common/pico_stdio_usb/reset_interface.c.o
 .text.resetd_xfer_cb
                0x100059cc        0x4 CMakeFiles/test.dir/home/mathieu/Lab/pico_lua/lib/pico-sdk/src/rp2_common/pico_stdio_usb/reset_interface.c.o
 .text.resetd_control_xfer_cb
                0x100059d0       0x50 CMakeFiles/test.dir/home/mathieu/Lab/pico_lua/lib/pico-sdk/src/rp2_common/pico_stdio_usb/reset_interface.c.o
 .text.tud_descriptor_bos_cb
                0x10005a20        0x8 CMakeFiles/test.dir/home/mathieu/Lab/pico_lua/lib/pico-sdk/src/rp2_common/pico_stdio_usb/reset_interface.c.o
                0x10005a20                tud_descriptor_bos_cb
 .text.tud_vendor_control_xfer_cb
                0x10005a28       0x28 CMakeFiles/test.dir/home/mathieu/Lab/pico_lua/lib/pico-sdk/src/rp2_common/pico_stdio_usb/reset_interface.c.o
                0x10005a28                tud_vendor_control_xfer_cb
 .text.usbd_app_driver_get_cb
                0x10005a50       0x10 CMakeFiles/test.dir/home/mathieu/Lab/pico_lua/lib/pico-sdk/src/rp2_common/pico_stdio_usb/reset_interface.c.o
                0x10005a50                usbd_app_driver_get_cb
 .text.tud_cdc_line_coding_cb
                0x10005a60       0x18 CMakeFiles/test.dir/home/mathieu/Lab/pico_lua/lib/pico-sdk/src/rp2_common/pico_stdio_usb/reset_interface.c.o
                0x10005a60                tud_cdc_line_coding_cb
 .text.stdio_usb_set_chars_available_callback
                0x10005a78       0x14 CMakeFiles/test.dir/home/mathieu/Lab/pico_lua/lib/pico-sdk/src/rp2_common/pico_stdio_usb/stdio_usb.c.o
                0x10005a78                stdio_usb_set_chars_available_callback
 .text.timer_task
                0x10005a8c       0x70 CMakeFiles/test.dir/home/mathieu/Lab/pico_lua/lib/pico-sdk/src/rp2_common/pico_stdio_usb/stdio_usb.c.o
 .text.usb_irq  0x10005afc        0xc CMakeFiles/test.dir/home/mathieu/Lab/pico_lua/lib/pico-sdk/src/rp2_common/pico_stdio_usb/stdio_usb.c.o
 .text.stdio_usb_in_chars
                0x10005b08       0x88 CMakeFiles/test.dir/home/mathieu/Lab/pico_lua/lib/pico-sdk/src/rp2_common/pico_stdio_usb/stdio_usb.c.o
                0x10005b08                stdio_usb_in_chars
 .text.stdio_usb_out_flush
                0x10005b90       0x54 CMakeFiles/test.dir/home/mathieu/Lab/pico_lua/lib/pico-sdk/src/rp2_common/pico_stdio_usb/stdio_usb.c.o
 .text.stdio_usb_out_chars
                0x10005be4       0xf4 CMakeFiles/test.dir/home/mathieu/Lab/pico_lua/lib/pico-sdk/src/rp2_common/pico_stdio_usb/stdio_usb.c.o
 .text.low_priority_worker_irq
                0x10005cd8       0xd8 CMakeFiles/test.dir/home/mathieu/Lab/pico_lua/lib/pico-sdk/src/rp2_common/pico_stdio_usb/stdio_usb.c.o
 .text.stdio_usb_init
                0x10005db0       0xe8 CMakeFiles/test.dir/home/mathieu/Lab/pico_lua/lib/pico-sdk/src/rp2_common/pico_stdio_usb/stdio_usb.c.o
                0x10005db0                stdio_usb_init
 .text.tud_descriptor_device_cb
                0x10005e98        0x8 CMakeFiles/test.dir/home/mathieu/Lab/pico_lua/lib/pico-sdk/src/rp2_common/pico_stdio_usb/stdio_usb_descriptors.c.o
                0x10005e98                tud_descriptor_device_cb
 .text.tud_descriptor_configuration_cb
                0x10005ea0        0x8 CMakeFiles/test.dir/home/mathieu/Lab/pico_lua/lib/pico-sdk/src/rp2_common/pico_stdio_usb/stdio_usb_descriptors.c.o
                0x10005ea0                tud_descriptor_configuration_cb
 .text.tud_descriptor_string_cb
                0x10005ea8       0x70 CMakeFiles/test.dir/home/mathieu/Lab/pico_lua/lib/pico-sdk/src/rp2_common/pico_stdio_usb/stdio_usb_descriptors.c.o
                0x10005ea8                tud_descriptor_string_cb
 .text.startup._retrieve_unique_id_on_boot
                0x10005f18       0x30 CMakeFiles/test.dir/home/mathieu/Lab/pico_lua/lib/pico-sdk/src/rp2_common/pico_unique_id/unique_id.c.o
 .text.pico_get_unique_board_id_string
                0x10005f48      0x184 CMakeFiles/test.dir/home/mathieu/Lab/pico_lua/lib/pico-sdk/src/rp2_common/pico_unique_id/unique_id.c.o
                0x10005f48                pico_get_unique_board_id_string
 .text.dcd_init
                0x100060cc       0x8c CMakeFiles/test.dir/home/mathieu/Lab/pico_lua/lib/pico-sdk/lib/tinyusb/src/portable/raspberrypi/rp2040/dcd_rp2040.c.o
                0x100060cc                dcd_init
 .text.dcd_int_enable
                0x10006158        0x8 CMakeFiles/test.dir/home/mathieu/Lab/pico_lua/lib/pico-sdk/lib/tinyusb/src/portable/raspberrypi/rp2040/dcd_rp2040.c.o
                0x10006158                dcd_int_enable
 .text.dcd_set_address
                0x10006160       0x10 CMakeFiles/test.dir/home/mathieu/Lab/pico_lua/lib/pico-sdk/lib/tinyusb/src/portable/raspberrypi/rp2040/dcd_rp2040.c.o
                0x10006160                dcd_set_address
 .text.dcd_sof_enable
                0x10006170       0x1c CMakeFiles/test.dir/home/mathieu/Lab/pico_lua/lib/pico-sdk/lib/tinyusb/src/portable/raspberrypi/rp2040/dcd_rp2040.c.o
                0x10006170                dcd_sof_enable
 .text.dcd_edpt0_status_complete
                0x1000618c       0x1c CMakeFiles/test.dir/home/mathieu/Lab/pico_lua/lib/pico-sdk/lib/tinyusb/src/portable/raspberrypi/rp2040/dcd_rp2040.c.o
                0x1000618c                dcd_edpt0_status_complete
 .text.dcd_edpt_open
                0x100061a8      0x104 CMakeFiles/test.dir/home/mathieu/Lab/pico_lua/lib/pico-sdk/lib/tinyusb/src/portable/raspberrypi/rp2040/dcd_rp2040.c.o
                0x100061a8                dcd_edpt_open
 .text.dcd_edpt_close_all
                0x100062ac        0x4 CMakeFiles/test.dir/home/mathieu/Lab/pico_lua/lib/pico-sdk/lib/tinyusb/src/portable/raspberrypi/rp2040/dcd_rp2040.c.o
                0x100062ac                dcd_edpt_close_all
 .text.dcd_edpt_xfer
                0x100062b0       0x28 CMakeFiles/test.dir/home/mathieu/Lab/pico_lua/lib/pico-sdk/lib/tinyusb/src/portable/raspberrypi/rp2040/dcd_rp2040.c.o
                0x100062b0                dcd_edpt_xfer
 .text.dcd_edpt_stall
                0x100062d8       0x30 CMakeFiles/test.dir/home/mathieu/Lab/pico_lua/lib/pico-sdk/lib/tinyusb/src/portable/raspberrypi/rp2040/dcd_rp2040.c.o
                0x100062d8                dcd_edpt_stall
 .text.dcd_edpt_clear_stall
                0x10006308       0x24 CMakeFiles/test.dir/home/mathieu/Lab/pico_lua/lib/pico-sdk/lib/tinyusb/src/portable/raspberrypi/rp2040/dcd_rp2040.c.o
                0x10006308                dcd_edpt_clear_stall
 .text.rp2040_usb_init
                0x1000632c       0x40 CMakeFiles/test.dir/home/mathieu/Lab/pico_lua/lib/pico-sdk/lib/tinyusb/src/portable/raspberrypi/rp2040/rp2040_usb.c.o
                0x1000632c                rp2040_usb_init
 .text.hw_endpoint_xfer_start
                0x1000636c       0x40 CMakeFiles/test.dir/home/mathieu/Lab/pico_lua/lib/pico-sdk/lib/tinyusb/src/portable/raspberrypi/rp2040/rp2040_usb.c.o
                0x1000636c                hw_endpoint_xfer_start
 .text.configuration_reset
                0x100063ac       0x8c CMakeFiles/test.dir/home/mathieu/Lab/pico_lua/lib/pico-sdk/lib/tinyusb/src/device/usbd.c.o
 .text.tud_event_hook_cb
                0x10006438        0x4 CMakeFiles/test.dir/home/mathieu/Lab/pico_lua/lib/pico-sdk/lib/tinyusb/src/device/usbd.c.o
                0x10006438                tud_event_hook_cb
 .text.tud_sof_cb
                0x1000643c        0x4 CMakeFiles/test.dir/home/mathieu/Lab/pico_lua/lib/pico-sdk/lib/tinyusb/src/device/usbd.c.o
                0x1000643c                tud_sof_cb
 .text.tud_descriptor_device_qualifier_cb
                0x10006440        0x4 CMakeFiles/test.dir/home/mathieu/Lab/pico_lua/lib/pico-sdk/lib/tinyusb/src/device/usbd.c.o
                0x10006440                tud_descriptor_device_qualifier_cb
 .text.tud_descriptor_other_speed_configuration_cb
                0x10006444        0x4 CMakeFiles/test.dir/home/mathieu/Lab/pico_lua/lib/pico-sdk/lib/tinyusb/src/device/usbd.c.o
                0x10006444                tud_descriptor_other_speed_configuration_cb
 .text.tud_mount_cb
                0x10006448        0x4 CMakeFiles/test.dir/home/mathieu/Lab/pico_lua/lib/pico-sdk/lib/tinyusb/src/device/usbd.c.o
                0x10006448                tud_mount_cb
 .text.tud_umount_cb
                0x1000644c        0x4 CMakeFiles/test.dir/home/mathieu/Lab/pico_lua/lib/pico-sdk/lib/tinyusb/src/device/usbd.c.o
                0x1000644c                tud_umount_cb
 .text.tud_suspend_cb
                0x10006450        0x4 CMakeFiles/test.dir/home/mathieu/Lab/pico_lua/lib/pico-sdk/lib/tinyusb/src/device/usbd.c.o
                0x10006450                tud_suspend_cb
 .text.tud_resume_cb
                0x10006454        0x4 CMakeFiles/test.dir/home/mathieu/Lab/pico_lua/lib/pico-sdk/lib/tinyusb/src/device/usbd.c.o
                0x10006454                tud_resume_cb
 .text.tud_mounted
                0x10006458       0x10 CMakeFiles/test.dir/home/mathieu/Lab/pico_lua/lib/pico-sdk/lib/tinyusb/src/device/usbd.c.o
                0x10006458                tud_mounted
 .text.tud_suspended
                0x10006468       0x10 CMakeFiles/test.dir/home/mathieu/Lab/pico_lua/lib/pico-sdk/lib/tinyusb/src/device/usbd.c.o
                0x10006468                tud_suspended
 .text.tud_rhport_init
                0x10006478       0xf4 CMakeFiles/test.dir/home/mathieu/Lab/pico_lua/lib/pico-sdk/lib/tinyusb/src/device/usbd.c.o
                0x10006478                tud_rhport_init
 .text.tud_task_ext
                0x1000656c      0x7b4 CMakeFiles/test.dir/home/mathieu/Lab/pico_lua/lib/pico-sdk/lib/tinyusb/src/device/usbd.c.o
                0x1000656c                tud_task_ext
 .text.usbd_open_edpt_pair
                0x10006d20       0x9c CMakeFiles/test.dir/home/mathieu/Lab/pico_lua/lib/pico-sdk/lib/tinyusb/src/device/usbd.c.o
                0x10006d20                usbd_open_edpt_pair
 .text.usbd_edpt_open
                0x10006dbc       0x44 CMakeFiles/test.dir/home/mathieu/Lab/pico_lua/lib/pico-sdk/lib/tinyusb/src/device/usbd.c.o
                0x10006dbc                usbd_edpt_open
 .text.usbd_edpt_claim
                0x10006e00       0x24 CMakeFiles/test.dir/home/mathieu/Lab/pico_lua/lib/pico-sdk/lib/tinyusb/src/device/usbd.c.o
                0x10006e00                usbd_edpt_claim
 .text.usbd_edpt_release
                0x10006e24       0x24 CMakeFiles/test.dir/home/mathieu/Lab/pico_lua/lib/pico-sdk/lib/tinyusb/src/device/usbd.c.o
                0x10006e24                usbd_edpt_release
 .text.usbd_edpt_xfer
                0x10006e48       0x70 CMakeFiles/test.dir/home/mathieu/Lab/pico_lua/lib/pico-sdk/lib/tinyusb/src/device/usbd.c.o
                0x10006e48                usbd_edpt_xfer
 .text.tud_control_status
                0x10006eb8       0x34 CMakeFiles/test.dir/home/mathieu/Lab/pico_lua/lib/pico-sdk/lib/tinyusb/src/device/usbd_control.c.o
                0x10006eb8                tud_control_status
 .text.tud_control_xfer
                0x10006eec       0xb0 CMakeFiles/test.dir/home/mathieu/Lab/pico_lua/lib/pico-sdk/lib/tinyusb/src/device/usbd_control.c.o
                0x10006eec                tud_control_xfer
 .text.usbd_control_reset
                0x10006f9c       0x14 CMakeFiles/test.dir/home/mathieu/Lab/pico_lua/lib/pico-sdk/lib/tinyusb/src/device/usbd_control.c.o
                0x10006f9c                usbd_control_reset
 .text.usbd_control_set_complete_callback
                0x10006fb0        0xc CMakeFiles/test.dir/home/mathieu/Lab/pico_lua/lib/pico-sdk/lib/tinyusb/src/device/usbd_control.c.o
                0x10006fb0                usbd_control_set_complete_callback
 .text.usbd_control_set_request
                0x10006fbc       0x1c CMakeFiles/test.dir/home/mathieu/Lab/pico_lua/lib/pico-sdk/lib/tinyusb/src/device/usbd_control.c.o
                0x10006fbc                usbd_control_set_request
 .text.usbd_control_xfer_cb
                0x10006fd8      0x100 CMakeFiles/test.dir/home/mathieu/Lab/pico_lua/lib/pico-sdk/lib/tinyusb/src/device/usbd_control.c.o
                0x10006fd8                usbd_control_xfer_cb
 .text._prep_out_transaction.isra.0
                0x100070d8       0x74 CMakeFiles/test.dir/home/mathieu/Lab/pico_lua/lib/pico-sdk/lib/tinyusb/src/class/cdc/cdc_device.c.o
 .text.tud_cdc_n_connected
                0x1000714c       0x2c CMakeFiles/test.dir/home/mathieu/Lab/pico_lua/lib/pico-sdk/lib/tinyusb/src/class/cdc/cdc_device.c.o
                0x1000714c                tud_cdc_n_connected
 .text.tud_cdc_n_available
                0x10007178       0x14 CMakeFiles/test.dir/home/mathieu/Lab/pico_lua/lib/pico-sdk/lib/tinyusb/src/class/cdc/cdc_device.c.o
                0x10007178                tud_cdc_n_available
 .text.tud_cdc_n_read
                0x1000718c       0x90 CMakeFiles/test.dir/home/mathieu/Lab/pico_lua/lib/pico-sdk/lib/tinyusb/src/class/cdc/cdc_device.c.o
                0x1000718c                tud_cdc_n_read
 .text.tud_cdc_n_write_flush
                0x1000721c       0x8c CMakeFiles/test.dir/home/mathieu/Lab/pico_lua/lib/pico-sdk/lib/tinyusb/src/class/cdc/cdc_device.c.o
                0x1000721c                tud_cdc_n_write_flush
 .text.tud_cdc_n_write
                0x100072a8       0x40 CMakeFiles/test.dir/home/mathieu/Lab/pico_lua/lib/pico-sdk/lib/tinyusb/src/class/cdc/cdc_device.c.o
                0x100072a8                tud_cdc_n_write
 .text.tud_cdc_n_write_available
                0x100072e8       0x14 CMakeFiles/test.dir/home/mathieu/Lab/pico_lua/lib/pico-sdk/lib/tinyusb/src/class/cdc/cdc_device.c.o
                0x100072e8                tud_cdc_n_write_available
 .text.cdcd_init
                0x100072fc       0x70 CMakeFiles/test.dir/home/mathieu/Lab/pico_lua/lib/pico-sdk/lib/tinyusb/src/class/cdc/cdc_device.c.o
                0x100072fc                cdcd_init
 .text.cdcd_deinit
                0x1000736c       0x30 CMakeFiles/test.dir/home/mathieu/Lab/pico_lua/lib/pico-sdk/lib/tinyusb/src/class/cdc/cdc_device.c.o
                0x1000736c                cdcd_deinit
 .text.cdcd_reset
                0x1000739c       0x4c CMakeFiles/test.dir/home/mathieu/Lab/pico_lua/lib/pico-sdk/lib/tinyusb/src/class/cdc/cdc_device.c.o
                0x1000739c                cdcd_reset
 .text.cdcd_open
                0x100073e8       0xc0 CMakeFiles/test.dir/home/mathieu/Lab/pico_lua/lib/pico-sdk/lib/tinyusb/src/class/cdc/cdc_device.c.o
                0x100073e8                cdcd_open
 .text.cdcd_control_xfer_cb
                0x100074a8       0xd0 CMakeFiles/test.dir/home/mathieu/Lab/pico_lua/lib/pico-sdk/lib/tinyusb/src/class/cdc/cdc_device.c.o
                0x100074a8                cdcd_control_xfer_cb
 .text.cdcd_xfer_cb
                0x10007578       0xf8 CMakeFiles/test.dir/home/mathieu/Lab/pico_lua/lib/pico-sdk/lib/tinyusb/src/class/cdc/cdc_device.c.o
                0x10007578                cdcd_xfer_cb
 .text.vendord_init
                0x10007670       0x5c CMakeFiles/test.dir/home/mathieu/Lab/pico_lua/lib/pico-sdk/lib/tinyusb/src/class/vendor/vendor_device.c.o
                0x10007670                vendord_init
 .text.vendord_deinit
                0x100076cc       0x1c CMakeFiles/test.dir/home/mathieu/Lab/pico_lua/lib/pico-sdk/lib/tinyusb/src/class/vendor/vendor_device.c.o
                0x100076cc                vendord_deinit
 .text.vendord_reset
                0x100076e8       0x24 CMakeFiles/test.dir/home/mathieu/Lab/pico_lua/lib/pico-sdk/lib/tinyusb/src/class/vendor/vendor_device.c.o
                0x100076e8                vendord_reset
 .text.vendord_open
                0x1000770c       0xf4 CMakeFiles/test.dir/home/mathieu/Lab/pico_lua/lib/pico-sdk/lib/tinyusb/src/class/vendor/vendor_device.c.o
                0x1000770c                vendord_open
 .text.vendord_xfer_cb
                0x10007800       0x88 CMakeFiles/test.dir/home/mathieu/Lab/pico_lua/lib/pico-sdk/lib/tinyusb/src/class/vendor/vendor_device.c.o
                0x10007800                vendord_xfer_cb
 .text.tusb_rhport_init
                0x10007888       0x64 CMakeFiles/test.dir/home/mathieu/Lab/pico_lua/lib/pico-sdk/lib/tinyusb/src/tusb.c.o
                0x10007888                tusb_rhport_init
 .text.tu_edpt_claim
                0x100078ec       0x54 CMakeFiles/test.dir/home/mathieu/Lab/pico_lua/lib/pico-sdk/lib/tinyusb/src/tusb.c.o
                0x100078ec                tu_edpt_claim
 .text.tu_edpt_release
                0x10007940       0x38 CMakeFiles/test.dir/home/mathieu/Lab/pico_lua/lib/pico-sdk/lib/tinyusb/src/tusb.c.o
                0x10007940                tu_edpt_release
 .text.tu_edpt_validate
                0x10007978       0x60 CMakeFiles/test.dir/home/mathieu/Lab/pico_lua/lib/pico-sdk/lib/tinyusb/src/tusb.c.o
                0x10007978                tu_edpt_validate
 .text.tu_edpt_bind_driver
                0x100079d8       0x58 CMakeFiles/test.dir/home/mathieu/Lab/pico_lua/lib/pico-sdk/lib/tinyusb/src/tusb.c.o
                0x100079d8                tu_edpt_bind_driver
 .text.tu_edpt_stream_init
                0x10007a30       0x58 CMakeFiles/test.dir/home/mathieu/Lab/pico_lua/lib/pico-sdk/lib/tinyusb/src/tusb.c.o
                0x10007a30                tu_edpt_stream_init
 .text.tu_edpt_stream_deinit
                0x10007a88        0x4 CMakeFiles/test.dir/home/mathieu/Lab/pico_lua/lib/pico-sdk/lib/tinyusb/src/tusb.c.o
                0x10007a88                tu_edpt_stream_deinit
 .text.tu_edpt_stream_write_zlp_if_needed
                0x10007a8c       0x68 CMakeFiles/test.dir/home/mathieu/Lab/pico_lua/lib/pico-sdk/lib/tinyusb/src/tusb.c.o
                0x10007a8c                tu_edpt_stream_write_zlp_if_needed
 .text.tu_edpt_stream_write_xfer
                0x10007af4       0x70 CMakeFiles/test.dir/home/mathieu/Lab/pico_lua/lib/pico-sdk/lib/tinyusb/src/tusb.c.o
                0x10007af4                tu_edpt_stream_write_xfer
 .text.tu_edpt_stream_read_xfer
                0x10007b64       0xc8 CMakeFiles/test.dir/home/mathieu/Lab/pico_lua/lib/pico-sdk/lib/tinyusb/src/tusb.c.o
                0x10007b64                tu_edpt_stream_read_xfer
 .text.tu_fifo_config
                0x10007c2c       0x60 CMakeFiles/test.dir/home/mathieu/Lab/pico_lua/lib/pico-sdk/lib/tinyusb/src/common/tusb_fifo.c.o
                0x10007c2c                tu_fifo_config
 .text.tu_fifo_count
                0x10007c8c       0x20 CMakeFiles/test.dir/home/mathieu/Lab/pico_lua/lib/pico-sdk/lib/tinyusb/src/common/tusb_fifo.c.o
                0x10007c8c                tu_fifo_count
 .text.tu_fifo_empty
                0x10007cac       0x14 CMakeFiles/test.dir/home/mathieu/Lab/pico_lua/lib/pico-sdk/lib/tinyusb/src/common/tusb_fifo.c.o
                0x10007cac                tu_fifo_empty
 .text.tu_fifo_remaining
                0x10007cc0       0x24 CMakeFiles/test.dir/home/mathieu/Lab/pico_lua/lib/pico-sdk/lib/tinyusb/src/common/tusb_fifo.c.o
                0x10007cc0                tu_fifo_remaining
 .text.tu_fifo_read
                0x10007ce4       0x94 CMakeFiles/test.dir/home/mathieu/Lab/pico_lua/lib/pico-sdk/lib/tinyusb/src/common/tusb_fifo.c.o
                0x10007ce4                tu_fifo_read
 .text.tu_fifo_read_n
                0x10007d78       0xd8 CMakeFiles/test.dir/home/mathieu/Lab/pico_lua/lib/pico-sdk/lib/tinyusb/src/common/tusb_fifo.c.o
                0x10007d78                tu_fifo_read_n
 .text.tu_fifo_write
                0x10007e50       0xa4 CMakeFiles/test.dir/home/mathieu/Lab/pico_lua/lib/pico-sdk/lib/tinyusb/src/common/tusb_fifo.c.o
                0x10007e50                tu_fifo_write
 .text.tu_fifo_write_n
                0x10007ef4      0x15c CMakeFiles/test.dir/home/mathieu/Lab/pico_lua/lib/pico-sdk/lib/tinyusb/src/common/tusb_fifo.c.o
                0x10007ef4                tu_fifo_write_n
 .text.tu_fifo_clear
                0x10008050       0x38 CMakeFiles/test.dir/home/mathieu/Lab/pico_lua/lib/pico-sdk/lib/tinyusb/src/common/tusb_fifo.c.o
                0x10008050                tu_fifo_clear
 .text.tu_fifo_set_overwritable
                0x10008088       0x3c CMakeFiles/test.dir/home/mathieu/Lab/pico_lua/lib/pico-sdk/lib/tinyusb/src/common/tusb_fifo.c.o
                0x10008088                tu_fifo_set_overwritable
 .text.index2value
                0x100080c4       0x58 /home/mathieu/Lab/pico_lua/test_program/../lib/lua/lua-5.4.6/liblua.a(lapi.o)
 .text.index2stack
                0x1000811c       0x12 /home/mathieu/Lab/pico_lua/test_program/../lib/lua/lua-5.4.6/liblua.a(lapi.o)
 .text.finishrawget
                0x1000812e       0x22 /home/mathieu/Lab/pico_lua/test_program/../lib/lua/lua-5.4.6/liblua.a(lapi.o)
 .text.auxgetstr
                0x10008150       0x5c /home/mathieu/Lab/pico_lua/test_program/../lib/lua/lua-5.4.6/liblua.a(lapi.o)
 .text.auxsetstr
                0x100081ac       0x78 /home/mathieu/Lab/pico_lua/test_program/../lib/lua/lua-5.4.6/liblua.a(lapi.o)
 .text.aux_rawset
                0x10008224       0x50 /home/mathieu/Lab/pico_lua/test_program/../lib/lua/lua-5.4.6/liblua.a(lapi.o)
 .text.f_call   0x10008274        0xa /home/mathieu/Lab/pico_lua/test_program/../lib/lua/lua-5.4.6/liblua.a(lapi.o)
 *fill*         0x1000827e        0x2 
 .text.aux_upvalue.constprop.0
                0x10008280       0x70 /home/mathieu/Lab/pico_lua/test_program/../lib/lua/lua-5.4.6/liblua.a(lapi.o)
 .text.touserdata
                0x100082f0       0x28 /home/mathieu/Lab/pico_lua/test_program/../lib/lua/lua-5.4.6/liblua.a(lapi.o)
 .text.reverse.isra.0
                0x10008318       0x1e /home/mathieu/Lab/pico_lua/test_program/../lib/lua/lua-5.4.6/liblua.a(lapi.o)
 .text.lua_checkstack
                0x10008336       0x32 /home/mathieu/Lab/pico_lua/test_program/../lib/lua/lua-5.4.6/liblua.a(lapi.o)
                0x10008336                lua_checkstack
 .text.lua_xmove
                0x10008368       0x2e /home/mathieu/Lab/pico_lua/test_program/../lib/lua/lua-5.4.6/liblua.a(lapi.o)
                0x10008368                lua_xmove
 .text.lua_atpanic
                0x10008396        0xa /home/mathieu/Lab/pico_lua/test_program/../lib/lua/lua-5.4.6/liblua.a(lapi.o)
                0x10008396                lua_atpanic
 .text.lua_version
                0x100083a0        0x8 /home/mathieu/Lab/pico_lua/test_program/../lib/lua/lua-5.4.6/liblua.a(lapi.o)
                0x100083a0                lua_version
 .text.lua_absindex
                0x100083a8       0x20 /home/mathieu/Lab/pico_lua/test_program/../lib/lua/lua-5.4.6/liblua.a(lapi.o)
                0x100083a8                lua_absindex
 .text.lua_gettop
                0x100083c8        0xe /home/mathieu/Lab/pico_lua/test_program/../lib/lua/lua-5.4.6/liblua.a(lapi.o)
                0x100083c8                lua_gettop
 .text.lua_settop
                0x100083d6       0x56 /home/mathieu/Lab/pico_lua/test_program/../lib/lua/lua-5.4.6/liblua.a(lapi.o)
                0x100083d6                lua_settop
 .text.lua_closeslot
                0x1000842c       0x1c /home/mathieu/Lab/pico_lua/test_program/../lib/lua/lua-5.4.6/liblua.a(lapi.o)
                0x1000842c                lua_closeslot
 .text.lua_rotate
                0x10008448       0x3a /home/mathieu/Lab/pico_lua/test_program/../lib/lua/lua-5.4.6/liblua.a(lapi.o)
                0x10008448                lua_rotate
 *fill*         0x10008482        0x2 
 .text.lua_copy
                0x10008484       0x48 /home/mathieu/Lab/pico_lua/test_program/../lib/lua/lua-5.4.6/liblua.a(lapi.o)
                0x10008484                lua_copy
 .text.lua_pushvalue
                0x100084cc       0x18 /home/mathieu/Lab/pico_lua/test_program/../lib/lua/lua-5.4.6/liblua.a(lapi.o)
                0x100084cc                lua_pushvalue
 .text.lua_type
                0x100084e4       0x24 /home/mathieu/Lab/pico_lua/test_program/../lib/lua/lua-5.4.6/liblua.a(lapi.o)
                0x100084e4                lua_type
 .text.lua_typename
                0x10008508       0x10 /home/mathieu/Lab/pico_lua/test_program/../lib/lua/lua-5.4.6/liblua.a(lapi.o)
                0x10008508                lua_typename
 .text.lua_iscfunction
                0x10008518       0x16 /home/mathieu/Lab/pico_lua/test_program/../lib/lua/lua-5.4.6/liblua.a(lapi.o)
                0x10008518                lua_iscfunction
 .text.lua_isinteger
                0x1000852e       0x10 /home/mathieu/Lab/pico_lua/test_program/../lib/lua/lua-5.4.6/liblua.a(lapi.o)
                0x1000852e                lua_isinteger
 .text.lua_isnumber
                0x1000853e       0x1a /home/mathieu/Lab/pico_lua/test_program/../lib/lua/lua-5.4.6/liblua.a(lapi.o)
                0x1000853e                lua_isnumber
 .text.lua_isstring
                0x10008558       0x18 /home/mathieu/Lab/pico_lua/test_program/../lib/lua/lua-5.4.6/liblua.a(lapi.o)
                0x10008558                lua_isstring
 .text.lua_rawequal
                0x10008570       0x48 /home/mathieu/Lab/pico_lua/test_program/../lib/lua/lua-5.4.6/liblua.a(lapi.o)
                0x10008570                lua_rawequal
 .text.lua_arith
                0x100085b8       0x36 /home/mathieu/Lab/pico_lua/test_program/../lib/lua/lua-5.4.6/liblua.a(lapi.o)
                0x100085b8                lua_arith
 .text.lua_compare
                0x100085ee       0x6c /home/mathieu/Lab/pico_lua/test_program/../lib/lua/lua-5.4.6/liblua.a(lapi.o)
                0x100085ee                lua_compare
 .text.lua_stringtonumber
                0x1000865a       0x18 /home/mathieu/Lab/pico_lua/test_program/../lib/lua/lua-5.4.6/liblua.a(lapi.o)
                0x1000865a                lua_stringtonumber
 .text.lua_tonumberx
                0x10008672       0x2a /home/mathieu/Lab/pico_lua/test_program/../lib/lua/lua-5.4.6/liblua.a(lapi.o)
                0x10008672                lua_tonumberx
 .text.lua_tointegerx
                0x1000869c       0x2c /home/mathieu/Lab/pico_lua/test_program/../lib/lua/lua-5.4.6/liblua.a(lapi.o)
                0x1000869c                lua_tointegerx
 .text.lua_toboolean
                0x100086c8       0x1a /home/mathieu/Lab/pico_lua/test_program/../lib/lua/lua-5.4.6/liblua.a(lapi.o)
                0x100086c8                lua_toboolean
 .text.lua_tolstring
                0x100086e2       0x60 /home/mathieu/Lab/pico_lua/test_program/../lib/lua/lua-5.4.6/liblua.a(lapi.o)
                0x100086e2                lua_tolstring
 .text.lua_rawlen
                0x10008742       0x46 /home/mathieu/Lab/pico_lua/test_program/../lib/lua/lua-5.4.6/liblua.a(lapi.o)
                0x10008742                lua_rawlen
 .text.lua_touserdata
                0x10008788        0xc /home/mathieu/Lab/pico_lua/test_program/../lib/lua/lua-5.4.6/liblua.a(lapi.o)
                0x10008788                lua_touserdata
 .text.lua_tothread
                0x10008794       0x14 /home/mathieu/Lab/pico_lua/test_program/../lib/lua/lua-5.4.6/liblua.a(lapi.o)
                0x10008794                lua_tothread
 .text.lua_topointer
                0x100087a8       0x30 /home/mathieu/Lab/pico_lua/test_program/../lib/lua/lua-5.4.6/liblua.a(lapi.o)
                0x100087a8                lua_topointer
 .text.lua_pushnil
                0x100087d8        0xc /home/mathieu/Lab/pico_lua/test_program/../lib/lua/lua-5.4.6/liblua.a(lapi.o)
                0x100087d8                lua_pushnil
 .text.lua_pushnumber
                0x100087e4        0xe /home/mathieu/Lab/pico_lua/test_program/../lib/lua/lua-5.4.6/liblua.a(lapi.o)
                0x100087e4                lua_pushnumber
 .text.lua_pushinteger
                0x100087f2        0xe /home/mathieu/Lab/pico_lua/test_program/../lib/lua/lua-5.4.6/liblua.a(lapi.o)
                0x100087f2                lua_pushinteger
 .text.lua_pushlstring
                0x10008800       0x40 /home/mathieu/Lab/pico_lua/test_program/../lib/lua/lua-5.4.6/liblua.a(lapi.o)
                0x10008800                lua_pushlstring
 .text.lua_pushstring
                0x10008840       0x38 /home/mathieu/Lab/pico_lua/test_program/../lib/lua/lua-5.4.6/liblua.a(lapi.o)
                0x10008840                lua_pushstring
 .text.lua_pushvfstring
                0x10008878       0x1c /home/mathieu/Lab/pico_lua/test_program/../lib/lua/lua-5.4.6/liblua.a(lapi.o)
                0x10008878                lua_pushvfstring
 .text.lua_pushfstring
                0x10008894       0x2a /home/mathieu/Lab/pico_lua/test_program/../lib/lua/lua-5.4.6/liblua.a(lapi.o)
                0x10008894                lua_pushfstring
 .text.lua_pushcclosure
                0x100088be       0x56 /home/mathieu/Lab/pico_lua/test_program/../lib/lua/lua-5.4.6/liblua.a(lapi.o)
                0x100088be                lua_pushcclosure
 .text.lua_pushboolean
                0x10008914       0x12 /home/mathieu/Lab/pico_lua/test_program/../lib/lua/lua-5.4.6/liblua.a(lapi.o)
                0x10008914                lua_pushboolean
 .text.lua_pushlightuserdata
                0x10008926        0xe /home/mathieu/Lab/pico_lua/test_program/../lib/lua/lua-5.4.6/liblua.a(lapi.o)
                0x10008926                lua_pushlightuserdata
 .text.lua_pushthread
                0x10008934       0x1a /home/mathieu/Lab/pico_lua/test_program/../lib/lua/lua-5.4.6/liblua.a(lapi.o)
                0x10008934                lua_pushthread
 .text.lua_gettable
                0x1000894e       0x4a /home/mathieu/Lab/pico_lua/test_program/../lib/lua/lua-5.4.6/liblua.a(lapi.o)
                0x1000894e                lua_gettable
 .text.lua_getfield
                0x10008998       0x16 /home/mathieu/Lab/pico_lua/test_program/../lib/lua/lua-5.4.6/liblua.a(lapi.o)
                0x10008998                lua_getfield
 *fill*         0x100089ae        0x2 
 .text.lua_geti
                0x100089b0       0x6c /home/mathieu/Lab/pico_lua/test_program/../lib/lua/lua-5.4.6/liblua.a(lapi.o)
                0x100089b0                lua_geti
 .text.lua_rawget
                0x10008a1c       0x22 /home/mathieu/Lab/pico_lua/test_program/../lib/lua/lua-5.4.6/liblua.a(lapi.o)
                0x10008a1c                lua_rawget
 .text.lua_rawgeti
                0x10008a3e       0x1c /home/mathieu/Lab/pico_lua/test_program/../lib/lua/lua-5.4.6/liblua.a(lapi.o)
                0x10008a3e                lua_rawgeti
 .text.lua_createtable
                0x10008a5a       0x3c /home/mathieu/Lab/pico_lua/test_program/../lib/lua/lua-5.4.6/liblua.a(lapi.o)
                0x10008a5a                lua_createtable
 .text.lua_getmetatable
                0x10008a96       0x40 /home/mathieu/Lab/pico_lua/test_program/../lib/lua/lua-5.4.6/liblua.a(lapi.o)
                0x10008a96                lua_getmetatable
 .text.lua_getiuservalue
                0x10008ad6       0x3a /home/mathieu/Lab/pico_lua/test_program/../lib/lua/lua-5.4.6/liblua.a(lapi.o)
                0x10008ad6                lua_getiuservalue
 .text.lua_setglobal
                0x10008b10       0x12 /home/mathieu/Lab/pico_lua/test_program/../lib/lua/lua-5.4.6/liblua.a(lapi.o)
                0x10008b10                lua_setglobal
 .text.lua_setfield
                0x10008b22       0x16 /home/mathieu/Lab/pico_lua/test_program/../lib/lua/lua-5.4.6/liblua.a(lapi.o)
                0x10008b22                lua_setfield
 .text.lua_seti
                0x10008b38       0x84 /home/mathieu/Lab/pico_lua/test_program/../lib/lua/lua-5.4.6/liblua.a(lapi.o)
                0x10008b38                lua_seti
 .text.lua_rawset
                0x10008bbc        0xe /home/mathieu/Lab/pico_lua/test_program/../lib/lua/lua-5.4.6/liblua.a(lapi.o)
                0x10008bbc                lua_rawset
 .text.lua_rawseti
                0x10008bca       0x44 /home/mathieu/Lab/pico_lua/test_program/../lib/lua/lua-5.4.6/liblua.a(lapi.o)
                0x10008bca                lua_rawseti
 .text.lua_setmetatable
                0x10008c0e       0x6c /home/mathieu/Lab/pico_lua/test_program/../lib/lua/lua-5.4.6/liblua.a(lapi.o)
                0x10008c0e                lua_setmetatable
 .text.lua_setiuservalue
                0x10008c7a       0x50 /home/mathieu/Lab/pico_lua/test_program/../lib/lua/lua-5.4.6/liblua.a(lapi.o)
                0x10008c7a                lua_setiuservalue
 .text.lua_callk
                0x10008cca       0x48 /home/mathieu/Lab/pico_lua/test_program/../lib/lua/lua-5.4.6/liblua.a(lapi.o)
                0x10008cca                lua_callk
 *fill*         0x10008d12        0x2 
 .text.lua_pcallk
                0x10008d14       0x98 /home/mathieu/Lab/pico_lua/test_program/../lib/lua/lua-5.4.6/liblua.a(lapi.o)
                0x10008d14                lua_pcallk
 .text.lua_load
                0x10008dac       0x6c /home/mathieu/Lab/pico_lua/test_program/../lib/lua/lua-5.4.6/liblua.a(lapi.o)
                0x10008dac                lua_load
 .text.lua_dump
                0x10008e18       0x22 /home/mathieu/Lab/pico_lua/test_program/../lib/lua/lua-5.4.6/liblua.a(lapi.o)
                0x10008e18                lua_dump
 .text.lua_status
                0x10008e3a        0x4 /home/mathieu/Lab/pico_lua/test_program/../lib/lua/lua-5.4.6/liblua.a(lapi.o)
                0x10008e3a                lua_status
 .text.lua_gc   0x10008e3e      0x174 /home/mathieu/Lab/pico_lua/test_program/../lib/lua/lua-5.4.6/liblua.a(lapi.o)
                0x10008e3e                lua_gc
 .text.lua_error
                0x10008fb2       0x22 /home/mathieu/Lab/pico_lua/test_program/../lib/lua/lua-5.4.6/liblua.a(lapi.o)
                0x10008fb2                lua_error
 .text.lua_next
                0x10008fd4       0x24 /home/mathieu/Lab/pico_lua/test_program/../lib/lua/lua-5.4.6/liblua.a(lapi.o)
                0x10008fd4                lua_next
 .text.lua_toclose
                0x10008ff8       0x26 /home/mathieu/Lab/pico_lua/test_program/../lib/lua/lua-5.4.6/liblua.a(lapi.o)
                0x10008ff8                lua_toclose
 *fill*         0x1000901e        0x2 
 .text.lua_concat
                0x10009020       0x3c /home/mathieu/Lab/pico_lua/test_program/../lib/lua/lua-5.4.6/liblua.a(lapi.o)
                0x10009020                lua_concat
 .text.lua_len  0x1000905c       0x1a /home/mathieu/Lab/pico_lua/test_program/../lib/lua/lua-5.4.6/liblua.a(lapi.o)
                0x1000905c                lua_len
 .text.lua_getallocf
                0x10009076       0x10 /home/mathieu/Lab/pico_lua/test_program/../lib/lua/lua-5.4.6/liblua.a(lapi.o)
                0x10009076                lua_getallocf
 .text.lua_setwarnf
                0x10009086       0x10 /home/mathieu/Lab/pico_lua/test_program/../lib/lua/lua-5.4.6/liblua.a(lapi.o)
                0x10009086                lua_setwarnf
 .text.lua_warning
                0x10009096        0x8 /home/mathieu/Lab/pico_lua/test_program/../lib/lua/lua-5.4.6/liblua.a(lapi.o)
                0x10009096                lua_warning
 .text.lua_newuserdatauv
                0x1000909e       0x34 /home/mathieu/Lab/pico_lua/test_program/../lib/lua/lua-5.4.6/liblua.a(lapi.o)
                0x1000909e                lua_newuserdatauv
 .text.lua_getupvalue
                0x100090d2       0x2e /home/mathieu/Lab/pico_lua/test_program/../lib/lua/lua-5.4.6/liblua.a(lapi.o)
                0x100090d2                lua_getupvalue
 .text.lua_setupvalue
                0x10009100       0x4c /home/mathieu/Lab/pico_lua/test_program/../lib/lua/lua-5.4.6/liblua.a(lapi.o)
                0x10009100                lua_setupvalue
 .text.lua_upvalueid
                0x1000914c       0x46 /home/mathieu/Lab/pico_lua/test_program/../lib/lua/lua-5.4.6/liblua.a(lapi.o)
                0x1000914c                lua_upvalueid
 *fill*         0x10009192        0x2 
 .text.lua_upvaluejoin
                0x10009194       0x64 /home/mathieu/Lab/pico_lua/test_program/../lib/lua/lua-5.4.6/liblua.a(lapi.o)
                0x10009194                lua_upvaluejoin
 .text.currentpc
                0x100091f8       0x12 /home/mathieu/Lab/pico_lua/test_program/../lib/lua/lua-5.4.6/liblua.a(ldebug.o)
 *fill*         0x1000920a        0x2 
 .text.getobjname
                0x1000920c      0x234 /home/mathieu/Lab/pico_lua/test_program/../lib/lua/lua-5.4.6/liblua.a(ldebug.o)
 .text.gxf      0x10009440       0x4c /home/mathieu/Lab/pico_lua/test_program/../lib/lua/lua-5.4.6/liblua.a(ldebug.o)
 .text.funcnamefromcall
                0x1000948c      0x114 /home/mathieu/Lab/pico_lua/test_program/../lib/lua/lua-5.4.6/liblua.a(ldebug.o)
 .text.varinfo  0x100095a0       0x9c /home/mathieu/Lab/pico_lua/test_program/../lib/lua/lua-5.4.6/liblua.a(ldebug.o)
 .text.luaG_getfuncline
                0x1000963c       0x50 /home/mathieu/Lab/pico_lua/test_program/../lib/lua/lua-5.4.6/liblua.a(ldebug.o)
                0x1000963c                luaG_getfuncline
 .text.getcurrentline
                0x1000968c       0x16 /home/mathieu/Lab/pico_lua/test_program/../lib/lua/lua-5.4.6/liblua.a(ldebug.o)
 .text.lua_sethook
                0x100096a2       0x3a /home/mathieu/Lab/pico_lua/test_program/../lib/lua/lua-5.4.6/liblua.a(ldebug.o)
                0x100096a2                lua_sethook
 .text.lua_gethook
                0x100096dc        0x4 /home/mathieu/Lab/pico_lua/test_program/../lib/lua/lua-5.4.6/liblua.a(ldebug.o)
                0x100096dc                lua_gethook
 .text.lua_gethookmask
                0x100096e0        0x4 /home/mathieu/Lab/pico_lua/test_program/../lib/lua/lua-5.4.6/liblua.a(ldebug.o)
                0x100096e0                lua_gethookmask
 .text.lua_gethookcount
                0x100096e4        0x4 /home/mathieu/Lab/pico_lua/test_program/../lib/lua/lua-5.4.6/liblua.a(ldebug.o)
                0x100096e4                lua_gethookcount
 .text.lua_getstack
                0x100096e8       0x26 /home/mathieu/Lab/pico_lua/test_program/../lib/lua/lua-5.4.6/liblua.a(ldebug.o)
                0x100096e8                lua_getstack
 *fill*         0x1000970e        0x2 
 .text.luaG_findlocal
                0x10009710       0xa4 /home/mathieu/Lab/pico_lua/test_program/../lib/lua/lua-5.4.6/liblua.a(ldebug.o)
                0x10009710                luaG_findlocal
 .text.lua_getlocal
                0x100097b4       0x46 /home/mathieu/Lab/pico_lua/test_program/../lib/lua/lua-5.4.6/liblua.a(ldebug.o)
                0x100097b4                lua_getlocal
 .text.lua_setlocal
                0x100097fa       0x26 /home/mathieu/Lab/pico_lua/test_program/../lib/lua/lua-5.4.6/liblua.a(ldebug.o)
                0x100097fa                lua_setlocal
 .text.lua_getinfo
                0x10009820      0x260 /home/mathieu/Lab/pico_lua/test_program/../lib/lua/lua-5.4.6/liblua.a(ldebug.o)
                0x10009820                lua_getinfo
 .text.luaG_addinfo
                0x10009a80       0x44 /home/mathieu/Lab/pico_lua/test_program/../lib/lua/lua-5.4.6/liblua.a(ldebug.o)
                0x10009a80                luaG_addinfo
 .text.luaG_errormsg
                0x10009ac4       0x38 /home/mathieu/Lab/pico_lua/test_program/../lib/lua/lua-5.4.6/liblua.a(ldebug.o)
                0x10009ac4                luaG_errormsg
 .text.luaG_runerror
                0x10009afc       0x5a /home/mathieu/Lab/pico_lua/test_program/../lib/lua/lua-5.4.6/liblua.a(ldebug.o)
                0x10009afc                luaG_runerror
 *fill*         0x10009b56        0x2 
 .text.luaG_typeerror
                0x10009b58       0x28 /home/mathieu/Lab/pico_lua/test_program/../lib/lua/lua-5.4.6/liblua.a(ldebug.o)
                0x10009b58                luaG_typeerror
 .text.luaG_concaterror
                0x10009b80       0x20 /home/mathieu/Lab/pico_lua/test_program/../lib/lua/lua-5.4.6/liblua.a(ldebug.o)
                0x10009b80                luaG_concaterror
 .text.luaG_opinterror
                0x10009ba0       0x16 /home/mathieu/Lab/pico_lua/test_program/../lib/lua/lua-5.4.6/liblua.a(ldebug.o)
                0x10009ba0                luaG_opinterror
 *fill*         0x10009bb6        0x2 
 .text.luaG_forerror
                0x10009bb8       0x1c /home/mathieu/Lab/pico_lua/test_program/../lib/lua/lua-5.4.6/liblua.a(ldebug.o)
                0x10009bb8                luaG_forerror
 .text.luaG_tointerror
                0x10009bd4       0x30 /home/mathieu/Lab/pico_lua/test_program/../lib/lua/lua-5.4.6/liblua.a(ldebug.o)
                0x10009bd4                luaG_tointerror
 .text.luaG_ordererror
                0x10009c04       0x40 /home/mathieu/Lab/pico_lua/test_program/../lib/lua/lua-5.4.6/liblua.a(ldebug.o)
                0x10009c04                luaG_ordererror
 .text.luaG_callerror
                0x10009c44       0x50 /home/mathieu/Lab/pico_lua/test_program/../lib/lua/lua-5.4.6/liblua.a(ldebug.o)
                0x10009c44                luaG_callerror
 .text.luaG_traceexec
                0x10009c94      0x124 /home/mathieu/Lab/pico_lua/test_program/../lib/lua/lua-5.4.6/liblua.a(ldebug.o)
                0x10009c94                luaG_traceexec
 .text.correctstack
                0x10009db8       0x44 /home/mathieu/Lab/pico_lua/test_program/../lib/lua/lua-5.4.6/liblua.a(ldo.o)
 .text.closepaux
                0x10009dfc        0xc /home/mathieu/Lab/pico_lua/test_program/../lib/lua/lua-5.4.6/liblua.a(ldo.o)
 .text.resume_error.isra.0
                0x10009e08       0x22 /home/mathieu/Lab/pico_lua/test_program/../lib/lua/lua-5.4.6/liblua.a(ldo.o)
 *fill*         0x10009e2a        0x2 
 .text.luaD_seterrorobj
                0x10009e2c       0x4c /home/mathieu/Lab/pico_lua/test_program/../lib/lua/lua-5.4.6/liblua.a(ldo.o)
                0x10009e2c                luaD_seterrorobj
 .text.luaD_throw
                0x10009e78       0x56 /home/mathieu/Lab/pico_lua/test_program/../lib/lua/lua-5.4.6/liblua.a(ldo.o)
                0x10009e78                luaD_throw
 *fill*         0x10009ece        0x2 
 .text.checkmode
                0x10009ed0       0x34 /home/mathieu/Lab/pico_lua/test_program/../lib/lua/lua-5.4.6/liblua.a(ldo.o)
 .text.f_parser
                0x10009f04       0x6c /home/mathieu/Lab/pico_lua/test_program/../lib/lua/lua-5.4.6/liblua.a(ldo.o)
 .text.luaD_rawrunprotected
                0x10009f70       0x3e /home/mathieu/Lab/pico_lua/test_program/../lib/lua/lua-5.4.6/liblua.a(ldo.o)
                0x10009f70                luaD_rawrunprotected
 .text.luaD_reallocstack
                0x10009fae       0xb2 /home/mathieu/Lab/pico_lua/test_program/../lib/lua/lua-5.4.6/liblua.a(ldo.o)
                0x10009fae                luaD_reallocstack
 .text.luaD_growstack
                0x1000a060       0x7c /home/mathieu/Lab/pico_lua/test_program/../lib/lua/lua-5.4.6/liblua.a(ldo.o)
                0x1000a060                luaD_growstack
 .text.luaD_shrinkstack
                0x1000a0dc       0x70 /home/mathieu/Lab/pico_lua/test_program/../lib/lua/lua-5.4.6/liblua.a(ldo.o)
                0x1000a0dc                luaD_shrinkstack
 .text.luaD_inctop
                0x1000a14c       0x1e /home/mathieu/Lab/pico_lua/test_program/../lib/lua/lua-5.4.6/liblua.a(ldo.o)
                0x1000a14c                luaD_inctop
 .text.luaD_hook
                0x1000a16a       0x9c /home/mathieu/Lab/pico_lua/test_program/../lib/lua/lua-5.4.6/liblua.a(ldo.o)
                0x1000a16a                luaD_hook
 .text.rethook  0x1000a206       0x6c /home/mathieu/Lab/pico_lua/test_program/../lib/lua/lua-5.4.6/liblua.a(ldo.o)
 .text.luaD_hookcall
                0x1000a272       0x38 /home/mathieu/Lab/pico_lua/test_program/../lib/lua/lua-5.4.6/liblua.a(ldo.o)
                0x1000a272                luaD_hookcall
 .text.luaD_tryfuncTM
                0x1000a2aa       0x6e /home/mathieu/Lab/pico_lua/test_program/../lib/lua/lua-5.4.6/liblua.a(ldo.o)
                0x1000a2aa                luaD_tryfuncTM
 .text.luaD_poscall
                0x1000a318       0xf4 /home/mathieu/Lab/pico_lua/test_program/../lib/lua/lua-5.4.6/liblua.a(ldo.o)
                0x1000a318                luaD_poscall
 .text.precallC
                0x1000a40c       0x8e /home/mathieu/Lab/pico_lua/test_program/../lib/lua/lua-5.4.6/liblua.a(ldo.o)
 *fill*         0x1000a49a        0x2 
 .text.unroll   0x1000a49c       0x9c /home/mathieu/Lab/pico_lua/test_program/../lib/lua/lua-5.4.6/liblua.a(ldo.o)
 .text.luaD_pretailcall
                0x1000a538       0xfa /home/mathieu/Lab/pico_lua/test_program/../lib/lua/lua-5.4.6/liblua.a(ldo.o)
                0x1000a538                luaD_pretailcall
 .text.luaD_precall
                0x1000a632       0xbe /home/mathieu/Lab/pico_lua/test_program/../lib/lua/lua-5.4.6/liblua.a(ldo.o)
                0x1000a632                luaD_precall
 .text.ccall    0x1000a6f0       0x56 /home/mathieu/Lab/pico_lua/test_program/../lib/lua/lua-5.4.6/liblua.a(ldo.o)
 .text.resume   0x1000a746       0x54 /home/mathieu/Lab/pico_lua/test_program/../lib/lua/lua-5.4.6/liblua.a(ldo.o)
 .text.luaD_call
                0x1000a79a        0xa /home/mathieu/Lab/pico_lua/test_program/../lib/lua/lua-5.4.6/liblua.a(ldo.o)
                0x1000a79a                luaD_call
 .text.luaD_callnoyield
                0x1000a7a4       0x10 /home/mathieu/Lab/pico_lua/test_program/../lib/lua/lua-5.4.6/liblua.a(ldo.o)
                0x1000a7a4                luaD_callnoyield
 .text.lua_resume
                0x1000a7b4       0xdc /home/mathieu/Lab/pico_lua/test_program/../lib/lua/lua-5.4.6/liblua.a(ldo.o)
                0x1000a7b4                lua_resume
 .text.lua_isyieldable
                0x1000a890        0xe /home/mathieu/Lab/pico_lua/test_program/../lib/lua/lua-5.4.6/liblua.a(ldo.o)
                0x1000a890                lua_isyieldable
 *fill*         0x1000a89e        0x2 
 .text.lua_yieldk
                0x1000a8a0       0x50 /home/mathieu/Lab/pico_lua/test_program/../lib/lua/lua-5.4.6/liblua.a(ldo.o)
                0x1000a8a0                lua_yieldk
 .text.luaD_closeprotected
                0x1000a8f0       0x38 /home/mathieu/Lab/pico_lua/test_program/../lib/lua/lua-5.4.6/liblua.a(ldo.o)
                0x1000a8f0                luaD_closeprotected
 .text.luaD_pcall
                0x1000a928       0x48 /home/mathieu/Lab/pico_lua/test_program/../lib/lua/lua-5.4.6/liblua.a(ldo.o)
                0x1000a928                luaD_pcall
 .text.luaD_protectedparser
                0x1000a970       0x8c /home/mathieu/Lab/pico_lua/test_program/../lib/lua/lua-5.4.6/liblua.a(ldo.o)
                0x1000a970                luaD_protectedparser
 .text.dumpBlock
                0x1000a9fc       0x1a /home/mathieu/Lab/pico_lua/test_program/../lib/lua/lua-5.4.6/liblua.a(ldump.o)
 .text.dumpByte
                0x1000aa16       0x12 /home/mathieu/Lab/pico_lua/test_program/../lib/lua/lua-5.4.6/liblua.a(ldump.o)
 .text.dumpSize
                0x1000aa28       0x2e /home/mathieu/Lab/pico_lua/test_program/../lib/lua/lua-5.4.6/liblua.a(ldump.o)
 .text.dumpString
                0x1000aa56       0x30 /home/mathieu/Lab/pico_lua/test_program/../lib/lua/lua-5.4.6/liblua.a(ldump.o)
 .text.dumpFunction
                0x1000aa86      0x1f2 /home/mathieu/Lab/pico_lua/test_program/../lib/lua/lua-5.4.6/liblua.a(ldump.o)
 .text.luaU_dump
                0x1000ac78       0x98 /home/mathieu/Lab/pico_lua/test_program/../lib/lua/lua-5.4.6/liblua.a(ldump.o)
                0x1000ac78                luaU_dump
 .text.luaF_newCclosure
                0x1000ad10       0x12 /home/mathieu/Lab/pico_lua/test_program/../lib/lua/lua-5.4.6/liblua.a(lfunc.o)
                0x1000ad10                luaF_newCclosure
 .text.luaF_newLclosure
                0x1000ad22       0x24 /home/mathieu/Lab/pico_lua/test_program/../lib/lua/lua-5.4.6/liblua.a(lfunc.o)
                0x1000ad22                luaF_newLclosure
 .text.luaF_initupvals
                0x1000ad46       0x4a /home/mathieu/Lab/pico_lua/test_program/../lib/lua/lua-5.4.6/liblua.a(lfunc.o)
                0x1000ad46                luaF_initupvals
 .text.luaF_findupval
                0x1000ad90       0x52 /home/mathieu/Lab/pico_lua/test_program/../lib/lua/lua-5.4.6/liblua.a(lfunc.o)
                0x1000ad90                luaF_findupval
 *fill*         0x1000ade2        0x2 
 .text.luaF_newtbcupval
                0x1000ade4       0x68 /home/mathieu/Lab/pico_lua/test_program/../lib/lua/lua-5.4.6/liblua.a(lfunc.o)
                0x1000ade4                luaF_newtbcupval
 .text.luaF_unlinkupval
                0x1000ae4c       0x10 /home/mathieu/Lab/pico_lua/test_program/../lib/lua/lua-5.4.6/liblua.a(lfunc.o)
                0x1000ae4c                luaF_unlinkupval
 .text.luaF_closeupval
                0x1000ae5c       0x4c /home/mathieu/Lab/pico_lua/test_program/../lib/lua/lua-5.4.6/liblua.a(lfunc.o)
                0x1000ae5c                luaF_closeupval
 .text.luaF_close
                0x1000aea8       0xa8 /home/mathieu/Lab/pico_lua/test_program/../lib/lua/lua-5.4.6/liblua.a(lfunc.o)
                0x1000aea8                luaF_close
 .text.luaF_newproto
                0x1000af50       0x34 /home/mathieu/Lab/pico_lua/test_program/../lib/lua/lua-5.4.6/liblua.a(lfunc.o)
                0x1000af50                luaF_newproto
 .text.luaF_freeproto
                0x1000af84       0x64 /home/mathieu/Lab/pico_lua/test_program/../lib/lua/lua-5.4.6/liblua.a(lfunc.o)
                0x1000af84                luaF_freeproto
 .text.luaF_getlocalname
                0x1000afe8       0x34 /home/mathieu/Lab/pico_lua/test_program/../lib/lua/lua-5.4.6/liblua.a(lfunc.o)
                0x1000afe8                luaF_getlocalname
 .text.getgclist
                0x1000b01c       0x3e /home/mathieu/Lab/pico_lua/test_program/../lib/lua/lua-5.4.6/liblua.a(lgc.o)
 .text.clearkey
                0x1000b05a        0xc /home/mathieu/Lab/pico_lua/test_program/../lib/lua/lua-5.4.6/liblua.a(lgc.o)
 .text.reallymarkobject
                0x1000b066       0x94 /home/mathieu/Lab/pico_lua/test_program/../lib/lua/lua-5.4.6/liblua.a(lgc.o)
 .text.iscleared
                0x1000b0fa       0x26 /home/mathieu/Lab/pico_lua/test_program/../lib/lua/lua-5.4.6/liblua.a(lgc.o)
 .text.markmt   0x1000b120       0x2a /home/mathieu/Lab/pico_lua/test_program/../lib/lua/lua-5.4.6/liblua.a(lgc.o)
 .text.markbeingfnz
                0x1000b14a       0x26 /home/mathieu/Lab/pico_lua/test_program/../lib/lua/lua-5.4.6/liblua.a(lgc.o)
 .text.genlink  0x1000b170       0x30 /home/mathieu/Lab/pico_lua/test_program/../lib/lua/lua-5.4.6/liblua.a(lgc.o)
 .text.clearbykeys
                0x1000b1a0       0x50 /home/mathieu/Lab/pico_lua/test_program/../lib/lua/lua-5.4.6/liblua.a(lgc.o)
 .text.separatetobefnz
                0x1000b1f0       0x46 /home/mathieu/Lab/pico_lua/test_program/../lib/lua/lua-5.4.6/liblua.a(lgc.o)
 .text.correctgraylist
                0x1000b236       0x4e /home/mathieu/Lab/pico_lua/test_program/../lib/lua/lua-5.4.6/liblua.a(lgc.o)
 .text.markold  0x1000b284       0x30 /home/mathieu/Lab/pico_lua/test_program/../lib/lua/lua-5.4.6/liblua.a(lgc.o)
 .text.freeobj  0x1000b2b4       0x98 /home/mathieu/Lab/pico_lua/test_program/../lib/lua/lua-5.4.6/liblua.a(lgc.o)
 .text.sweeplist
                0x1000b34c       0x66 /home/mathieu/Lab/pico_lua/test_program/../lib/lua/lua-5.4.6/liblua.a(lgc.o)
 .text.entersweep
                0x1000b3b2       0x28 /home/mathieu/Lab/pico_lua/test_program/../lib/lua/lua-5.4.6/liblua.a(lgc.o)
 .text.sweep2old
                0x1000b3da       0x58 /home/mathieu/Lab/pico_lua/test_program/../lib/lua/lua-5.4.6/liblua.a(lgc.o)
 .text.traverseephemeron
                0x1000b432      0x11c /home/mathieu/Lab/pico_lua/test_program/../lib/lua/lua-5.4.6/liblua.a(lgc.o)
 .text.clearbyvalues
                0x1000b54e       0x8e /home/mathieu/Lab/pico_lua/test_program/../lib/lua/lua-5.4.6/liblua.a(lgc.o)
 .text.propagatemark
                0x1000b5dc      0x410 /home/mathieu/Lab/pico_lua/test_program/../lib/lua/lua-5.4.6/liblua.a(lgc.o)
 .text.propagateall
                0x1000b9ec       0x1a /home/mathieu/Lab/pico_lua/test_program/../lib/lua/lua-5.4.6/liblua.a(lgc.o)
 .text.convergeephemerons
                0x1000ba06       0x3e /home/mathieu/Lab/pico_lua/test_program/../lib/lua/lua-5.4.6/liblua.a(lgc.o)
 .text.atomic   0x1000ba44      0x13e /home/mathieu/Lab/pico_lua/test_program/../lib/lua/lua-5.4.6/liblua.a(lgc.o)
 *fill*         0x1000bb82        0x2 
 .text.GCTM     0x1000bb84       0xd0 /home/mathieu/Lab/pico_lua/test_program/../lib/lua/lua-5.4.6/liblua.a(lgc.o)
 .text.dothecall
                0x1000bc54        0xe /home/mathieu/Lab/pico_lua/test_program/../lib/lua/lua-5.4.6/liblua.a(lgc.o)
 .text.setminordebt
                0x1000bc62       0x22 /home/mathieu/Lab/pico_lua/test_program/../lib/lua/lua-5.4.6/liblua.a(lgc.o)
 .text.setpause
                0x1000bc84       0x40 /home/mathieu/Lab/pico_lua/test_program/../lib/lua/lua-5.4.6/liblua.a(lgc.o)
 .text.sweepstep.constprop.0
                0x1000bcc4       0x30 /home/mathieu/Lab/pico_lua/test_program/../lib/lua/lua-5.4.6/liblua.a(lgc.o)
 .text.whitelist.isra.0
                0x1000bcf4       0x18 /home/mathieu/Lab/pico_lua/test_program/../lib/lua/lua-5.4.6/liblua.a(lgc.o)
 .text.enterinc
                0x1000bd0c       0x3e /home/mathieu/Lab/pico_lua/test_program/../lib/lua/lua-5.4.6/liblua.a(lgc.o)
 *fill*         0x1000bd4a        0x2 
 .text.sweepgen.isra.0
                0x1000bd4c       0x6c /home/mathieu/Lab/pico_lua/test_program/../lib/lua/lua-5.4.6/liblua.a(lgc.o)
 .text.singlestep
                0x1000bdb8      0x13c /home/mathieu/Lab/pico_lua/test_program/../lib/lua/lua-5.4.6/liblua.a(lgc.o)
 .text.finishgencycle
                0x1000bef4       0x80 /home/mathieu/Lab/pico_lua/test_program/../lib/lua/lua-5.4.6/liblua.a(lgc.o)
 .text.atomic2gen